ARM Linker, RVCT4.0 [Build 728] [Standard]

==============================================================================

Section Cross References

    client.o(.text) refers to glcd_lpc1700.o(.text) for GLCD_Clear
    client.o(.text) refers to load_pic.o(.text) for Load_Pic
    client.o(.text) refers to at_udp.o(i.udp_get_buf) for udp_get_buf
    client.o(.text) refers to at_udp.o(i.udp_send) for udp_send
    client.o(.text) refers to at_tcp.o(i.tcp_get_state) for tcp_get_state
    client.o(.text) refers to at_tcp.o(i.tcp_check_send) for tcp_check_send
    client.o(.text) refers to at_tcp.o(i.tcp_get_buf) for tcp_get_buf
    client.o(.text) refers to at_tcp.o(i.tcp_send) for tcp_send
    client.o(.text) refers to at_tcp.o(i.tcp_connect) for tcp_connect
    client.o(.text) refers to system_lpc17xx.o(.text) for SystemInit
    client.o(.text) refers to emac_lpc17xx.o(.text) for init_ethernet
    client.o(.text) refers to at_system.o(i.init_TcpNet) for init_TcpNet
    client.o(.text) refers to at_udp.o(i.udp_get_socket) for udp_get_socket
    client.o(.text) refers to at_udp.o(i.udp_open) for udp_open
    client.o(.text) refers to at_system.o(i.timer_tick) for timer_tick
    client.o(.text) refers to at_system.o(i.main_TcpNet) for main_TcpNet
    client.o(.text) refers to client.o(.data) for .data
    client.o(.text) refers to system_lpc17xx.o(.data) for SystemFrequency
    load_pic.o(.text) refers to glcd_lpc1700.o(.text) for GLCD_PutPixel
    load_pic.o(.text) refers to load_pic.o(.constdata) for .constdata
    net_config.o(.text) refers to at_ethernet.o(i.init_eth_link) for init_eth_link
    net_config.o(.text) refers to at_udp.o(i.init_udp) for init_udp
    net_config.o(.text) refers to at_tcp.o(i.init_tcp) for init_tcp
    net_config.o(.text) refers to at_nbns.o(i.init_nbns) for init_nbns
    net_config.o(.text) refers to at_ethernet.o(i.run_eth_link) for run_eth_link
    net_config.o(.text) refers to at_tcp.o(i.tcp_poll_sockets) for tcp_poll_sockets
    net_config.o(.text) refers to at_udp.o(i.process_udp) for process_udp
    net_config.o(.text) refers to at_tcp.o(i.process_tcp) for process_tcp
    net_config.o(.text) refers to at_ethernet.o(i.eth_send_frame) for eth_send_frame
    net_debug.o(.text) refers to printfa.o(i.__0vprintf) for __c89vprintf
    net_debug.o(.text) refers to printfb.o(i.__0printf$bare) for __2printf
    startup_lpc17xx.o(RESET) refers to startup_lpc17xx.o(STACK) for __initial_sp
    startup_lpc17xx.o(RESET) refers to startup_lpc17xx.o(.text) for Reset_Handler
    startup_lpc17xx.o(RESET) refers to client.o(.text) for EINT3_IRQHandler
    startup_lpc17xx.o(RESET) refers to emac_lpc17xx.o(.text) for ENET_IRQHandler
    startup_lpc17xx.o(.text) refers to entry.o(.ARM.Collect$$$$00000000) for __main
    emac_lpc17xx.o(.text) refers to at_mem.o(i.alloc_mem) for alloc_mem
    emac_lpc17xx.o(.text) refers to at_ethernet.o(i.put_in_queue) for put_in_queue
    emac_lpc17xx.o(.text) refers to emac_lpc17xx.o(.data) for .data
    emac_lpc17xx.o(.text) refers to net_config.o(.data) for own_hw_adr
    emac_lpc17xx.o(.text) refers to emac_lpc17xx.o(.bss) for .bss
    system_lpc17xx.o(.text) refers to system_lpc17xx.o(.data) for .data
    glcd_lpc1700.o(.text) refers to glcd_lpc1700.o(.data) for .data
    glcd_lpc1700.o(.text) refers to glcd_lpc1700.o(.constdata) for .constdata
    glcd_lpc1700.o(.text) refers to glcd_lpc1700.o(.emb_text) for wait
    at_tcp.o(i.init_tcp) refers to at_lib.o(i.mem_set) for mem_set
    at_tcp.o(i.init_tcp) refers to net_config.o(.constdata) for tcp_NumSocks
    at_tcp.o(i.init_tcp) refers to net_config.o(.bss) for tcp_socket
    at_tcp.o(i.process_tcp) refers to at_tcp.o(i.tcp_map_socket) for tcp_map_socket
    at_tcp.o(i.process_tcp) refers to at_lib.o(i.CalcChksumBuf) for CalcChksumBuf
    at_tcp.o(i.process_tcp) refers to at_lib.o(i.CalcChksumVal) for CalcChksumVal
    at_tcp.o(i.process_tcp) refers to at_lib.o(i.get_u32) for get_u32
    at_tcp.o(i.process_tcp) refers to at_tcp.o(i.tcp_set_retransmit) for tcp_set_retransmit
    at_tcp.o(i.process_tcp) refers to at_lib.o(i.mem_copy) for mem_copy
    at_tcp.o(i.process_tcp) refers to at_mem.o(i.resize_mem) for resize_mem
    at_tcp.o(i.process_tcp) refers to at_tcp.o(i.tcp_send_ctrl) for tcp_send_ctrl
    at_tcp.o(i.process_tcp) refers to at_tcp.o(i.tcp_send_reset) for tcp_send_reset
    at_tcp.o(i.process_tcp) refers to at_tcp.o(i.tcp_process_opt) for tcp_process_opt
    at_tcp.o(i.process_tcp) refers to at_tcp.o(i.tcp_init_seq) for tcp_init_seq
    at_tcp.o(i.process_tcp) refers to at_tcp.o(i.tcp_transit) for tcp_transit
    at_tcp.o(i.process_tcp) refers to net_config.o(.text) for sys_error
    at_tcp.o(i.process_tcp) refers to net_config.o(.bss) for tcp_socket
    at_tcp.o(i.tcp_abort) refers to at_tcp.o(i.tcp_transit) for tcp_transit
    at_tcp.o(i.tcp_abort) refers to at_tcp.o(i.tcp_send_ctrl) for tcp_send_ctrl
    at_tcp.o(i.tcp_abort) refers to net_config.o(.constdata) for tcp_NumSocks
[...]
    at_nbns.o(i.nbns_listener) refers to at_lib.o(i.str_up_case) for str_up_case
    at_nbns.o(i.nbns_listener) refers to at_lib.o(i.mem_comp) for mem_comp
    at_nbns.o(i.nbns_listener) refers to at_udp.o(i.udp_get_buf) for udp_get_buf
    at_nbns.o(i.nbns_listener) refers to at_lib.o(i.mem_copy) for mem_copy
    at_nbns.o(i.nbns_listener) refers to at_udp.o(i.udp_send) for udp_send
    at_nbns.o(i.nbns_listener) refers to at_mem.o(i.free_mem) for free_mem
    at_nbns.o(i.nbns_listener) refers to at_nbns.o(.data) for .data
    at_nbns.o(i.nbns_listener) refers to net_config.o(.data) for lhost_name
    at_nbns.o(i.nbns_listener) refers to at_nbns.o(.constdata) for .constdata
    at_nbns.o(i.nbns_listener) refers to at_system.o(.bss) for localm
    at_ethernet.o(i.eth_chk_adr) refers to at_lib.o(i.mem_comp) for mem_comp
    at_ethernet.o(i.eth_chk_adr) refers to net_config.o(.data) for own_hw_adr
    at_ethernet.o(i.eth_get_adr) refers to at_arp.o(i.arp_get_adr) for arp_get_adr
    at_ethernet.o(i.eth_send_frame) refers to at_lib.o(i.mem_comp) for mem_comp
    at_ethernet.o(i.eth_send_frame) refers to at_lib.o(i.mem_test) for mem_test
    at_ethernet.o(i.eth_send_frame) refers to at_arp.o(i.is_subnet_bcast) for is_subnet_bcast
    at_ethernet.o(i.eth_send_frame) refers to at_arp.o(i.arp_cache_find) for arp_cache_find
    at_ethernet.o(i.eth_send_frame) refers to at_lib.o(i.mem_copy) for mem_copy
    at_ethernet.o(i.eth_send_frame) refers to emac_lpc17xx.o(.text) for send_frame
    at_ethernet.o(i.eth_send_frame) refers to at_ethernet.o(.constdata) for .constdata
    at_ethernet.o(i.eth_send_frame) refers to at_ip.o(.constdata) for IP_Broadcast
    at_ethernet.o(i.eth_send_frame) refers to net_config.o(.data) for own_hw_adr
    at_ethernet.o(i.init_eth_link) refers to emac_lpc17xx.o(.text) for int_disable_eth
    at_ethernet.o(i.init_eth_link) refers to at_arp.o(i.init_arp) for init_arp
    at_ethernet.o(i.init_eth_link) refers to at_ethernet.o(.data) for .data
    at_ethernet.o(i.put_in_queue) refers to at_mem.o(i.free_mem) for free_mem
    at_ethernet.o(i.put_in_queue) refers to at_ethernet.o(.data) for .data
    at_ethernet.o(i.put_in_queue) refers to at_ethernet.o(.bss) for .bss
    at_ethernet.o(i.run_eth_link) refers to at_ethernet.o(i.poll_ethernet) for poll_ethernet
    at_ethernet.o(i.run_eth_link) refers to at_arp.o(i.arp_cache_update) for arp_cache_update
    at_ethernet.o(i.run_eth_link) refers to at_arp.o(i.process_arp) for process_arp
    at_ethernet.o(i.run_eth_link) refers to at_ip.o(i.ip_chk_frame) for ip_chk_frame
    at_ethernet.o(i.run_eth_link) refers to at_lib.o(i.mem_test) for mem_test
    at_ethernet.o(i.run_eth_link) refers to at_arp.o(i.arp_cache_add) for arp_cache_add
    at_ethernet.o(i.run_eth_link) refers to net_config.o(.text) for process_hl_udp
    at_ethernet.o(i.run_eth_link) refers to at_icmp.o(i.process_icmp) for process_icmp
    at_ethernet.o(i.run_eth_link) refers to at_ethernet.o(i.process_hl_igmp) for process_hl_igmp
    at_ethernet.o(i.run_eth_link) refers to at_mem.o(i.free_mem) for free_mem
    at_ethernet.o(i.run_eth_link) refers to at_system.o(.data) for sec_tick
    at_ethernet.o(i.run_eth_link) refers to at_ethernet.o(.data) for .data
    at_ethernet.o(i.run_eth_link) refers to at_ethernet.o(.bss) for .bss
    at_mem.o(i.alloc_mem) refers to emac_lpc17xx.o(.text) for int_disable_eth
    at_mem.o(i.alloc_mem) refers to net_config.o(.text) for sys_error
    at_mem.o(i.alloc_mem) refers to at_mem.o(.data) for .data
    at_mem.o(i.alloc_mem) refers to net_config.o(.constdata) for MPool_Size
    at_mem.o(i.alloc_mem) refers to net_config.o(.bss) for Mem_Pool
    at_mem.o(i.free_mem) refers to emac_lpc17xx.o(.text) for int_disable_eth
    at_mem.o(i.free_mem) refers to net_config.o(.text) for sys_error
    at_mem.o(i.free_mem) refers to net_config.o(.bss) for Mem_Pool
    at_mem.o(i.free_mem) refers to at_mem.o(.data) for .data
    at_mem.o(i.init_mem) refers to net_config.o(.bss) for Mem_Pool
    at_mem.o(i.init_mem) refers to net_config.o(.constdata) for MPool_Size
    at_mem.o(i.init_mem) refers to at_mem.o(.data) for .data
    at_mem.o(i.resize_mem) refers to emac_lpc17xx.o(.text) for int_disable_eth
    at_mem.o(i.resize_mem) refers to at_mem.o(.data) for .data
    at_system.o(i.init_TcpNet) refers to emac_lpc17xx.o(.text) for int_disable_eth
    at_system.o(i.init_TcpNet) refers to at_mem.o(i.init_mem) for init_mem
    at_system.o(i.init_TcpNet) refers to at_lib.o(i.mem_copy) for mem_copy
    at_system.o(i.init_TcpNet) refers to net_config.o(.text) for init_system
    at_system.o(i.init_TcpNet) refers to at_system.o(.data) for .data
    at_system.o(i.init_TcpNet) refers to net_config.o(.constdata) for tick_rate
    at_system.o(i.init_TcpNet) refers to net_config.o(.constdata) for nlocalm
    at_system.o(i.init_TcpNet) refers to at_system.o(.bss) for .bss
    at_system.o(i.main_TcpNet) refers to net_config.o(.text) for run_system
    at_system.o(i.main_TcpNet) refers to at_system.o(.data) for .data
    at_system.o(i.main_TcpNet) refers to net_config.o(.constdata) for tick_rate
    at_system.o(i.timer_tick) refers to at_system.o(.data) for .data
    at_arp.o(i.arp_cache_add) refers to at_lib.o(i.mem_comp) for mem_comp
    at_arp.o(i.arp_cache_add) refers to at_lib.o(i.is_subnet) for is_subnet
    at_arp.o(i.arp_cache_add) refers to at_lib.o(i.mem_test) for mem_test
    at_arp.o(i.arp_cache_add) refers to at_arp.o(i.arp_cache_alloc) for arp_cache_alloc
    at_arp.o(i.arp_cache_add) refers to at_lib.o(i.mem_copy) for mem_copy
    at_arp.o(i.arp_cache_add) refers to net_config.o(.bss) for arp_table
    at_arp.o(i.arp_cache_add) refers to net_config.o(.constdata) for arp_TabSize
    at_arp.o(i.arp_cache_add) refers to at_system.o(.bss) for localm
    at_arp.o(i.arp_cache_add) refers to net_config.o(.constdata) for arp_TimeOut
    at_arp.o(i.arp_cache_add) refers to net_config.o(.constdata) for arp_MaxRetry
    at_arp.o(i.arp_cache_alloc) refers to net_config.o(.bss) for arp_table
    at_arp.o(i.arp_cache_alloc) refers to net_config.o(.constdata) for arp_TabSize
    at_arp.o(i.arp_cache_alloc) refers to net_config.o(.constdata) for arp_TimeOut
    at_arp.o(i.arp_cache_find) refers to at_lib.o(i.mem_comp) for mem_comp
    at_arp.o(i.arp_cache_find) refers to at_lib.o(i.is_subnet) for is_subnet
    at_arp.o(i.arp_cache_find) refers to at_lib.o(i.mem_test) for mem_test
    at_arp.o(i.arp_cache_find) refers to at_arp.o(i.arp_cache_alloc) for arp_cache_alloc
    at_arp.o(i.arp_cache_find) refers to at_lib.o(i.mem_copy) for mem_copy
    at_arp.o(i.arp_cache_find) refers to at_arp.o(i.arp_send_req) for arp_send_req
    at_arp.o(i.arp_cache_find) refers to net_config.o(.bss) for arp_table
    at_arp.o(i.arp_cache_find) refers to net_config.o(.constdata) for arp_TabSize
    at_arp.o(i.arp_cache_find) refers to at_system.o(.bss) for localm
    at_arp.o(i.arp_cache_find) refers to at_ethernet.o(.constdata) for MAC_Broadcast
    at_arp.o(i.arp_cache_find) refers to net_config.o(.constdata) for arp_MaxRetry
    at_arp.o(i.arp_cache_find) refers to net_config.o(.constdata) for arp_Resend
    at_arp.o(i.arp_cache_ip) refers to at_lib.o(i.mem_comp) for mem_comp
    at_arp.o(i.arp_cache_ip) refers to at_arp.o(i.is_subnet_bcast) for is_subnet_bcast
    at_arp.o(i.arp_cache_ip) refers to at_arp.o(i.arp_cache_find) for arp_cache_find
    at_arp.o(i.arp_cache_ip) refers to at_ip.o(.constdata) for IP_Broadcast
    at_arp.o(i.arp_cache_update) refers to at_lib.o(i.mem_comp) for mem_comp
    at_arp.o(i.arp_cache_update) refers to at_arp.o(i.arp_send_req) for arp_send_req
    at_arp.o(i.arp_cache_update) refers to net_config.o(.constdata) for arp_Resend
    at_arp.o(i.arp_cache_update) refers to at_arp.o(.data) for .data
    at_arp.o(i.arp_cache_update) refers to net_config.o(.constdata) for arp_TabSize
    at_arp.o(i.arp_cache_update) refers to net_config.o(.bss) for arp_table
    at_arp.o(i.arp_cache_update) refers to at_system.o(.bss) for localm
    at_arp.o(i.arp_cache_update) refers to at_ip.o(.constdata) for IP_Broadcast
    at_arp.o(i.arp_cache_update) refers to net_config.o(.constdata) for arp_TimeOut
    at_arp.o(i.arp_get_adr) refers to at_lib.o(i.mem_comp) for mem_comp
    at_arp.o(i.arp_get_adr) refers to net_config.o(.bss) for arp_table
    at_arp.o(i.arp_get_adr) refers to net_config.o(.constdata) for arp_TabSize
    at_arp.o(i.arp_get_response) refers to at_lib.o(i.mem_comp) for mem_comp
    at_arp.o(i.arp_get_response) refers to at_lib.o(i.mem_copy) for mem_copy
    at_arp.o(i.arp_get_response) refers to net_config.o(.bss) for arp_table
    at_arp.o(i.arp_get_response) refers to net_config.o(.constdata) for arp_TabSize
    at_arp.o(i.arp_get_response) refers to net_config.o(.constdata) for arp_TimeOut
    at_arp.o(i.arp_get_response) refers to net_config.o(.constdata) for arp_MaxRetry
    at_arp.o(i.arp_send_reply) refers to at_mem.o(i.alloc_mem) for alloc_mem
    at_arp.o(i.arp_send_reply) refers to at_lib.o(i.mem_copy) for mem_copy
    at_arp.o(i.arp_send_reply) refers to at_arp.o(i.arp_cache_add) for arp_cache_add
    at_arp.o(i.arp_send_reply) refers to emac_lpc17xx.o(.text) for send_frame
    at_arp.o(i.arp_send_reply) refers to at_mem.o(i.free_mem) for free_mem
    at_arp.o(i.arp_send_reply) refers to net_config.o(.data) for own_hw_adr
    at_arp.o(i.arp_send_reply) refers to at_system.o(.bss) for localm
    at_arp.o(i.arp_send_req) refers to at_mem.o(i.alloc_mem) for alloc_mem
    at_arp.o(i.arp_send_req) refers to at_lib.o(i.mem_copy) for mem_copy
    at_arp.o(i.arp_send_req) refers to at_lib.o(i.mem_set) for mem_set
    at_arp.o(i.arp_send_req) refers to emac_lpc17xx.o(.text) for send_frame
    at_arp.o(i.arp_send_req) refers to at_mem.o(i.free_mem) for free_mem
    at_arp.o(i.arp_send_req) refers to net_config.o(.bss) for arp_table
    at_arp.o(i.arp_send_req) refers to at_ethernet.o(.constdata) for MAC_Broadcast
    at_arp.o(i.arp_send_req) refers to net_config.o(.data) for own_hw_adr
    at_arp.o(i.arp_send_req) refers to at_system.o(.bss) for localm
    at_arp.o(i.init_arp) refers to net_config.o(.bss) for arp_table
    at_arp.o(i.init_arp) refers to net_config.o(.constdata) for arp_TabSize
    at_arp.o(i.is_subnet_bcast) refers to at_lib.o(i.mem_copy) for mem_copy
    at_arp.o(i.is_subnet_bcast) refers to at_lib.o(i.is_subnet) for is_subnet
    at_arp.o(i.is_subnet_bcast) refers to at_system.o(.bss) for localm
    at_arp.o(i.process_arp) refers to at_lib.o(i.mem_comp) for mem_comp
    at_arp.o(i.process_arp) refers to at_arp.o(i.arp_get_response) for arp_get_response
    at_arp.o(i.process_arp) refers to at_arp.o(i.arp_send_reply) for arp_send_reply
    at_arp.o(i.process_arp) refers to at_system.o(.bss) for localm
    at_arp.o(i.process_arp) refers to net_config.o(.data) for own_hw_adr
    at_ip.o(i.ip_chk_frame) refers to at_lib.o(i.SwapB) for SwapB
    at_ip.o(i.ip_chk_frame) refers to at_lib.o(i.mem_comp) for mem_comp
    at_ip.o(i.ip_chk_frame) refers to net_config.o(.text) for igmp_is_member
    at_ip.o(i.ip_chk_frame) refers to at_lib.o(i.mem_copy) for mem_copy
    at_ip.o(i.ip_chk_frame) refers to at_ip.o(i.ip_get_chksum) for ip_get_chksum
    at_ip.o(i.ip_chk_frame) refers to at_ethernet.o(i.eth_chk_adr) for eth_chk_adr
    at_ip.o(i.ip_chk_frame) refers to at_system.o(.bss) for localm
    at_ip.o(i.ip_chk_frame) refers to at_ip.o(.constdata) for .constdata
    at_ip.o(i.ip_get_chksum) refers to at_lib.o(i.CalcChksum) for CalcChksum
    at_ip.o(i.ip_get_locadr) refers to at_lib.o(i.is_subnet) for is_subnet
    at_ip.o(i.ip_get_locadr) refers to at_lib.o(i.mem_test) for mem_test
    at_ip.o(i.ip_get_locadr) refers to net_config.o(.constdata) for netif_cfg
    at_ip.o(i.ip_get_locadr) refers to at_ip.o(.data) for .data
    at_ip.o(i.ip_get_locadr) refers to at_system.o(.bss) for localm
    at_ip.o(i.ip_send_frame) refers to at_lib.o(i.SwapB) for SwapB
    at_ip.o(i.ip_send_frame) refers to at_ip.o(i.ip_get_locadr) for ip_get_locadr
    at_ip.o(i.ip_send_frame) refers to at_lib.o(i.mem_copy) for mem_copy
    at_ip.o(i.ip_send_frame) refers to at_ip.o(i.ip_get_chksum) for ip_get_chksum
    at_ip.o(i.ip_send_frame) refers to net_config.o(.text) for dispatch_frame
    at_ip.o(i.ip_send_frame) refers to at_ip.o(.data) for .data
    at_icmp.o(i.process_icmp) refers to at_lib.o(i.CalcChksum) for CalcChksum
    at_icmp.o(i.process_icmp) refers to at_mem.o(i.alloc_mem) for alloc_mem
    at_icmp.o(i.process_icmp) refers to at_lib.o(i.mem_copy) for mem_copy
    at_icmp.o(i.process_icmp) refers to at_ip.o(i.ip_send_frame) for ip_send_frame
    at_icmp.o(i.process_icmp) refers to at_mem.o(i.free_mem) for free_mem
    at_lib.o(i.CalcChksum) refers to at_lib.o(i.CalcChksumBuf) for CalcChksumBuf
    at_lib.o(i.asc_to_b64) refers to at_lib.o(i.encode_b64) for encode_b64
    at_lib.o(i.bin_to_b64) refers to at_lib.o(i.encode_b64) for encode_b64
    at_lib.o(i.is_subnet) refers to at_lib.o(i.mem_copy) for mem_copy
    at_lib.o(i.str_crc) refers to at_lib.o(i.get_crc) for get_crc
    entry.o(.ARM.Collect$$$$00000000) refers (Special) to entry7.o(.ARM.Collect$$$$00000007) for _main_init
    entry.o(.ARM.Collect$$$$00000000) refers (Special) to entry5.o(.ARM.Collect$$$$00000004) for _main_scatterload
    entry.o(.ARM.Collect$$$$00000000) refers (Special) to entry2.o(.ARM.Collect$$$$00000001) for _main_stk
    printfb.o(i.__0fprintf$bare) refers to printfb.o(i._printf_core) for _printf_core
    printfb.o(i.__0fprintf$bare) refers to client.o(.text) for fputc
    printfb.o(i.__0printf$bare) refers to printfb.o(i._printf_core) for _printf_core
    printfb.o(i.__0printf$bare) refers to client.o(.text) for fputc
    printfb.o(i.__0printf$bare) refers to stdout.o(.data) for __stdout
    printfb.o(i.__0snprintf$bare) refers to printfb.o(i._printf_core) for _printf_core
    printfb.o(i.__0snprintf$bare) refers to printfb.o(i._snputc) for _snputc
    printfb.o(i.__0sprintf$bare) refers to printfb.o(i._printf_core) for _printf_core
    printfb.o(i.__0sprintf$bare) refers to printfb.o(i._sputc) for _sputc
    printfb.o(i.__0vfprintf$bare) refers to printfb.o(i._printf_core) for _printf_core
    printfb.o(i.__0vfprintf$bare) refers to client.o(.text) for fputc
    printfb.o(i.__0vprintf$bare) refers to printfb.o(i._printf_core) for _printf_core
    printfb.o(i.__0vprintf$bare) refers to client.o(.text) for fputc
    printfb.o(i.__0vprintf$bare) refers to stdout.o(.data) for __stdout
    printfb.o(i.__0vsnprintf$bare) refers to printfb.o(i._printf_core) for _printf_core
    printfb.o(i.__0vsnprintf$bare) refers to printfb.o(i._snputc) for _snputc
    printfb.o(i.__0vsprintf$bare) refers to printfb.o(i._printf_core) for _printf_core
    printfb.o(i.__0vsprintf$bare) refers to printfb.o(i._sputc) for _sputc
    printf0.o(i.__0fprintf$0) refers to printf0.o(i._printf_core) for _printf_core
    printf0.o(i.__0fprintf$0) refers to client.o(.text) for fputc
    printf0.o(i.__0printf$0) refers to printf0.o(i._printf_core) for _printf_core
    printf0.o(i.__0printf$0) refers to client.o(.text) for fputc
    printf0.o(i.__0printf$0) refers to stdout.o(.data) for __stdout
    printf0.o(i.__0snprintf$0) refers to printf0.o(i._printf_core) for _printf_core
    printf0.o(i.__0snprintf$0) refers to printf0.o(i._snputc) for _snputc
    printf0.o(i.__0sprintf$0) refers to printf0.o(i._printf_core) for _printf_core
    printf0.o(i.__0sprintf$0) refers to printf0.o(i._sputc) for _sputc
    printf0.o(i.__0vfprintf$0) refers to printf0.o(i._printf_core) for _printf_core
    printf0.o(i.__0vfprintf$0) refers to client.o(.text) for fputc
    printf0.o(i.__0vprintf$0) refers to printf0.o(i._printf_core) for _printf_core
    printf0.o(i.__0vprintf$0) refers to client.o(.text) for fputc
    printf0.o(i.__0vprintf$0) refers to stdout.o(.data) for __stdout
    printf0.o(i.__0vsnprintf$0) refers to printf0.o(i._printf_core) for _printf_core
    printf0.o(i.__0vsnprintf$0) refers to printf0.o(i._snputc) for _snputc
    printf0.o(i.__0vsprintf$0) refers to printf0.o(i._printf_core) for _printf_core
    printf0.o(i.__0vsprintf$0) refers to printf0.o(i._sputc) for _sputc
    printf1.o(i.__0fprintf$1) refers to printf1.o(i._printf_core) for _printf_core
    printf1.o(i.__0fprintf$1) refers to client.o(.text) for fputc
    printf1.o(i.__0printf$1) refers to printf1.o(i._printf_core) for _printf_core
    printf1.o(i.__0printf$1) refers to client.o(.text) for fputc
    printf1.o(i.__0printf$1) refers to stdout.o(.data) for __stdout
    printf1.o(i.__0snprintf$1) refers to printf1.o(i._printf_core) for _printf_core
    printf1.o(i.__0snprintf$1) refers to printf1.o(i._snputc) for _snputc
    printf1.o(i.__0sprintf$1) refers to printf1.o(i._printf_core) for _printf_core
    printf1.o(i.__0sprintf$1) refers to printf1.o(i._sputc) for _sputc
    printf1.o(i.__0vfprintf$1) refers to printf1.o(i._printf_core) for _printf_core
    printf1.o(i.__0vfprintf$1) refers to client.o(.text) for fputc
    printf1.o(i.__0vprintf$1) refers to printf1.o(i._printf_core) for _printf_core
    printf1.o(i.__0vprintf$1) refers to client.o(.text) for fputc
    printf1.o(i.__0vprintf$1) refers to stdout.o(.data) for __stdout
    printf1.o(i.__0vsnprintf$1) refers to printf1.o(i._printf_core) for _printf_core
    printf1.o(i.__0vsnprintf$1) refers to printf1.o(i._snputc) for _snputc
    printf1.o(i.__0vsprintf$1) refers to printf1.o(i._printf_core) for _printf_core
    printf1.o(i.__0vsprintf$1) refers to printf1.o(i._sputc) for _sputc
    printf1.o(i._printf_core) refers to uidiv.o(.text) for __aeabi_uidivmod
    printf2.o(i.__0fprintf$2) refers to printf2.o(i._printf_core) for _printf_core
    printf2.o(i.__0fprintf$2) refers to client.o(.text) for fputc
    printf2.o(i.__0printf$2) refers to printf2.o(i._printf_core) for _printf_core
    printf2.o(i.__0printf$2) refers to client.o(.text) for fputc
    printf2.o(i.__0printf$2) refers to stdout.o(.data) for __stdout
    printf2.o(i.__0snprintf$2) refers to printf2.o(i._printf_core) for _printf_core
    printf2.o(i.__0snprintf$2) refers to printf2.o(i._snputc) for _snputc
    printf2.o(i.__0sprintf$2) refers to printf2.o(i._printf_core) for _printf_core
    printf2.o(i.__0sprintf$2) refers to printf2.o(i._sputc) for _sputc
    printf2.o(i.__0vfprintf$2) refers to printf2.o(i._printf_core) for _printf_core
    printf2.o(i.__0vfprintf$2) refers to client.o(.text) for fputc
    printf2.o(i.__0vprintf$2) refers to printf2.o(i._printf_core) for _printf_core
    printf2.o(i.__0vprintf$2) refers to client.o(.text) for fputc
    printf2.o(i.__0vprintf$2) refers to stdout.o(.data) for __stdout
    printf2.o(i.__0vsnprintf$2) refers to printf2.o(i._printf_core) for _printf_core
    printf2.o(i.__0vsnprintf$2) refers to printf2.o(i._snputc) for _snputc
    printf2.o(i.__0vsprintf$2) refers to printf2.o(i._printf_core) for _printf_core
    printf2.o(i.__0vsprintf$2) refers to printf2.o(i._sputc) for _sputc
    printf3.o(i.__0fprintf$3) refers to printf3.o(i._printf_core) for _printf_core
    printf3.o(i.__0fprintf$3) refers to client.o(.text) for fputc
    printf3.o(i.__0printf$3) refers to printf3.o(i._printf_core) for _printf_core
    printf3.o(i.__0printf$3) refers to client.o(.text) for fputc
    printf3.o(i.__0printf$3) refers to stdout.o(.data) for __stdout
    printf3.o(i.__0snprintf$3) refers to printf3.o(i._printf_core) for _printf_core
    printf3.o(i.__0snprintf$3) refers to printf3.o(i._snputc) for _snputc
    printf3.o(i.__0sprintf$3) refers to printf3.o(i._printf_core) for _printf_core
    printf3.o(i.__0sprintf$3) refers to printf3.o(i._sputc) for _sputc
    printf3.o(i.__0vfprintf$3) refers to printf3.o(i._printf_core) for _printf_core
    printf3.o(i.__0vfprintf$3) refers to client.o(.text) for fputc
    printf3.o(i.__0vprintf$3) refers to printf3.o(i._printf_core) for _printf_core
    printf3.o(i.__0vprintf$3) refers to client.o(.text) for fputc
    printf3.o(i.__0vprintf$3) refers to stdout.o(.data) for __stdout
    printf3.o(i.__0vsnprintf$3) refers to printf3.o(i._printf_core) for _printf_core
    printf3.o(i.__0vsnprintf$3) refers to printf3.o(i._snputc) for _snputc
    printf3.o(i.__0vsprintf$3) refers to printf3.o(i._printf_core) for _printf_core
    printf3.o(i.__0vsprintf$3) refers to printf3.o(i._sputc) for _sputc
    printf3.o(i._printf_core) refers to uidiv.o(.text) for __aeabi_uidivmod
    printf4.o(i.__0fprintf$4) refers to printf4.o(i._printf_core) for _printf_core
    printf4.o(i.__0fprintf$4) refers to client.o(.text) for fputc
    printf4.o(i.__0printf$4) refers to printf4.o(i._printf_core) for _printf_core
    printf4.o(i.__0printf$4) refers to client.o(.text) for fputc
    printf4.o(i.__0printf$4) refers to stdout.o(.data) for __stdout
    printf4.o(i.__0snprintf$4) refers to printf4.o(i._printf_core) for _printf_core
    printf4.o(i.__0snprintf$4) refers to printf4.o(i._snputc) for _snputc
    printf4.o(i.__0sprintf$4) refers to printf4.o(i._printf_core) for _printf_core
    printf4.o(i.__0sprintf$4) refers to printf4.o(i._sputc) for _sputc
    printf4.o(i.__0vfprintf$4) refers to printf4.o(i._printf_core) for _printf_core
    printf4.o(i.__0vfprintf$4) refers to client.o(.text) for fputc
    printf4.o(i.__0vprintf$4) refers to printf4.o(i._printf_core) for _printf_core
    printf4.o(i.__0vprintf$4) refers to client.o(.text) for fputc
    printf4.o(i.__0vprintf$4) refers to stdout.o(.data) for __stdout
    printf4.o(i.__0vsnprintf$4) refers to printf4.o(i._printf_core) for _printf_core
    printf4.o(i.__0vsnprintf$4) refers to printf4.o(i._snputc) for _snputc
    printf4.o(i.__0vsprintf$4) refers to printf4.o(i._printf_core) for _printf_core
    printf4.o(i.__0vsprintf$4) refers to printf4.o(i._sputc) for _sputc
    printf4.o(i._printf_core) refers to uldiv.o(.text) for __aeabi_uldivmod
    printf5.o(i.__0fprintf$5) refers to printf5.o(i._printf_core) for _printf_core
    printf5.o(i.__0fprintf$5) refers to client.o(.text) for fputc
    printf5.o(i.__0printf$5) refers to printf5.o(i._printf_core) for _printf_core
    printf5.o(i.__0printf$5) refers to client.o(.text) for fputc
    printf5.o(i.__0printf$5) refers to stdout.o(.data) for __stdout
    printf5.o(i.__0snprintf$5) refers to printf5.o(i._printf_core) for _printf_core
    printf5.o(i.__0snprintf$5) refers to printf5.o(i._snputc) for _snputc
    printf5.o(i.__0sprintf$5) refers to printf5.o(i._printf_core) for _printf_core
    printf5.o(i.__0sprintf$5) refers to printf5.o(i._sputc) for _sputc
    printf5.o(i.__0vfprintf$5) refers to printf5.o(i._printf_core) for _printf_core
    printf5.o(i.__0vfprintf$5) refers to client.o(.text) for fputc
    printf5.o(i.__0vprintf$5) refers to printf5.o(i._printf_core) for _printf_core
    printf5.o(i.__0vprintf$5) refers to client.o(.text) for fputc
    printf5.o(i.__0vprintf$5) refers to stdout.o(.data) for __stdout
    printf5.o(i.__0vsnprintf$5) refers to printf5.o(i._printf_core) for _printf_core
    printf5.o(i.__0vsnprintf$5) refers to printf5.o(i._snputc) for _snputc
    printf5.o(i.__0vsprintf$5) refers to printf5.o(i._printf_core) for _printf_core
    printf5.o(i.__0vsprintf$5) refers to printf5.o(i._sputc) for _sputc
    printf5.o(i._printf_core) refers to uldiv.o(.text) for __aeabi_uldivmod
    printf6.o(i.__0fprintf$6) refers to printf6.o(i._printf_core) for _printf_core
    printf6.o(i.__0fprintf$6) refers to client.o(.text) for fputc
    printf6.o(i.__0printf$6) refers to printf6.o(i._printf_core) for _printf_core
    printf6.o(i.__0printf$6) refers to client.o(.text) for fputc
    printf6.o(i.__0printf$6) refers to stdout.o(.data) for __stdout
    printf6.o(i.__0snprintf$6) refers to printf6.o(i._printf_core) for _printf_core
    printf6.o(i.__0snprintf$6) refers to printf6.o(i._snputc) for _snputc
    printf6.o(i.__0sprintf$6) refers to printf6.o(i._printf_core) for _printf_core
    printf6.o(i.__0sprintf$6) refers to printf6.o(i._sputc) for _sputc
    printf6.o(i.__0vfprintf$6) refers to printf6.o(i._printf_core) for _printf_core
    printf6.o(i.__0vfprintf$6) refers to client.o(.text) for fputc
    printf6.o(i.__0vprintf$6) refers to printf6.o(i._printf_core) for _printf_core
    printf6.o(i.__0vprintf$6) refers to client.o(.text) for fputc
    printf6.o(i.__0vprintf$6) refers to stdout.o(.data) for __stdout
    printf6.o(i.__0vsnprintf$6) refers to printf6.o(i._printf_core) for _printf_core
    printf6.o(i.__0vsnprintf$6) refers to printf6.o(i._snputc) for _snputc
    printf6.o(i.__0vsprintf$6) refers to printf6.o(i._printf_core) for _printf_core
    printf6.o(i.__0vsprintf$6) refers to printf6.o(i._sputc) for _sputc
    printf6.o(i._printf_core) refers to printf6.o(i._printf_pre_padding) for _printf_pre_padding
    printf6.o(i._printf_core) refers to uidiv.o(.text) for __aeabi_uidivmod
    printf6.o(i._printf_core) refers to printf6.o(i._printf_post_padding) for _printf_post_padding
    printf7.o(i.__0fprintf$7) refers to printf7.o(i._printf_core) for _printf_core
    printf7.o(i.__0fprintf$7) refers to client.o(.text) for fputc
    printf7.o(i.__0printf$7) refers to printf7.o(i._printf_core) for _printf_core
    printf7.o(i.__0printf$7) refers to client.o(.text) for fputc
    printf7.o(i.__0printf$7) refers to stdout.o(.data) for __stdout
    printf7.o(i.__0snprintf$7) refers to printf7.o(i._printf_core) for _printf_core
    printf7.o(i.__0snprintf$7) refers to printf7.o(i._snputc) for _snputc
    printf7.o(i.__0sprintf$7) refers to printf7.o(i._printf_core) for _printf_core
    printf7.o(i.__0sprintf$7) refers to printf7.o(i._sputc) for _sputc
    printf7.o(i.__0vfprintf$7) refers to printf7.o(i._printf_core) for _printf_core
    printf7.o(i.__0vfprintf$7) refers to client.o(.text) for fputc
    printf7.o(i.__0vprintf$7) refers to printf7.o(i._printf_core) for _printf_core
    printf7.o(i.__0vprintf$7) refers to client.o(.text) for fputc
    printf7.o(i.__0vprintf$7) refers to stdout.o(.data) for __stdout
    printf7.o(i.__0vsnprintf$7) refers to printf7.o(i._printf_core) for _printf_core
    printf7.o(i.__0vsnprintf$7) refers to printf7.o(i._snputc) for _snputc
    printf7.o(i.__0vsprintf$7) refers to printf7.o(i._printf_core) for _printf_core
    printf7.o(i.__0vsprintf$7) refers to printf7.o(i._sputc) for _sputc
    printf7.o(i._printf_core) refers to printf7.o(i._printf_pre_padding) for _printf_pre_padding
    printf7.o(i._printf_core) refers to uldiv.o(.text) for __aeabi_uldivmod
    printf7.o(i._printf_core) refers to printf7.o(i._printf_post_padding) for _printf_post_padding
    printf8.o(i.__0fprintf$8) refers to printf8.o(i._printf_core) for _printf_core
    printf8.o(i.__0fprintf$8) refers to client.o(.text) for fputc
    printf8.o(i.__0printf$8) refers to printf8.o(i._printf_core) for _printf_core
    printf8.o(i.__0printf$8) refers to client.o(.text) for fputc
    printf8.o(i.__0printf$8) refers to stdout.o(.data) for __stdout
    printf8.o(i.__0snprintf$8) refers to printf8.o(i._printf_core) for _printf_core
    printf8.o(i.__0snprintf$8) refers to printf8.o(i._snputc) for _snputc
    printf8.o(i.__0sprintf$8) refers to printf8.o(i._printf_core) for _printf_core
    printf8.o(i.__0sprintf$8) refers to printf8.o(i._sputc) for _sputc
    printf8.o(i.__0vfprintf$8) refers to printf8.o(i._printf_core) for _printf_core
    printf8.o(i.__0vfprintf$8) refers to client.o(.text) for fputc
    printf8.o(i.__0vprintf$8) refers to printf8.o(i._printf_core) for _printf_core
    printf8.o(i.__0vprintf$8) refers to client.o(.text) for fputc
    printf8.o(i.__0vprintf$8) refers to stdout.o(.data) for __stdout
    printf8.o(i.__0vsnprintf$8) refers to printf8.o(i._printf_core) for _printf_core
    printf8.o(i.__0vsnprintf$8) refers to printf8.o(i._snputc) for _snputc
    printf8.o(i.__0vsprintf$8) refers to printf8.o(i._printf_core) for _printf_core
    printf8.o(i.__0vsprintf$8) refers to printf8.o(i._sputc) for _sputc
    printf8.o(i._printf_core) refers to printf8.o(i._printf_pre_padding) for _printf_pre_padding
    printf8.o(i._printf_core) refers to uldiv.o(.text) for __aeabi_uldivmod
    printf8.o(i._printf_core) refers to printf8.o(i._printf_post_padding) for _printf_post_padding
    printfa.o(i.__0fprintf) refers (Special) to iusefp.o(.text) for __I$use$fp
    printfa.o(i.__0fprintf) refers to printfa.o(i._printf_core) for _printf_core
    printfa.o(i.__0fprintf) refers to client.o(.text) for fputc
    printfa.o(i.__0printf) refers (Special) to iusefp.o(.text) for __I$use$fp
    printfa.o(i.__0printf) refers to printfa.o(i._printf_core) for _printf_core
    printfa.o(i.__0printf) refers to client.o(.text) for fputc
    printfa.o(i.__0printf) refers to stdout.o(.data) for __stdout
    printfa.o(i.__0snprintf) refers (Special) to iusefp.o(.text) for __I$use$fp
    printfa.o(i.__0snprintf) refers to printfa.o(i._printf_core) for _printf_core
    printfa.o(i.__0snprintf) refers to printfa.o(i._snputc) for _snputc
    printfa.o(i.__0sprintf) refers (Special) to iusefp.o(.text) for __I$use$fp
    printfa.o(i.__0sprintf) refers to printfa.o(i._printf_core) for _printf_core
    printfa.o(i.__0sprintf) refers to printfa.o(i._sputc) for _sputc
    printfa.o(i.__0vfprintf) refers (Special) to iusefp.o(.text) for __I$use$fp
    printfa.o(i.__0vfprintf) refers to printfa.o(i._printf_core) for _printf_core
    printfa.o(i.__0vfprintf) refers to client.o(.text) for fputc
    printfa.o(i.__0vprintf) refers (Special) to iusefp.o(.text) for __I$use$fp
    printfa.o(i.__0vprintf) refers to printfa.o(i._printf_core) for _printf_core
    printfa.o(i.__0vprintf) refers to client.o(.text) for fputc
    printfa.o(i.__0vprintf) refers to stdout.o(.data) for __stdout
    printfa.o(i.__0vsnprintf) refers (Special) to iusefp.o(.text) for __I$use$fp
    printfa.o(i.__0vsnprintf) refers to printfa.o(i._printf_core) for _printf_core
    printfa.o(i.__0vsnprintf) refers to printfa.o(i._snputc) for _snputc
    printfa.o(i.__0vsprintf) refers (Special) to iusefp.o(.text) for __I$use$fp
    printfa.o(i.__0vsprintf) refers to printfa.o(i._printf_core) for _printf_core
    printfa.o(i.__0vsprintf) refers to printfa.o(i._sputc) for _sputc
    printfa.o(i._fp_digits) refers (Special) to iusefp.o(.text) for __I$use$fp
    printfa.o(i._fp_digits) refers to dmul.o(.text) for __aeabi_dmul
    printfa.o(i._fp_digits) refers to ddiv.o(.text) for __aeabi_ddiv
    printfa.o(i._fp_digits) refers to cdrcmple.o(.text) for __aeabi_cdrcmple
    printfa.o(i._fp_digits) refers to dadd.o(.text) for __aeabi_dadd
    printfa.o(i._fp_digits) refers to dfixul.o(.text) for __aeabi_d2ulz
    printfa.o(i._fp_digits) refers to uldiv.o(.text) for __aeabi_uldivmod
    printfa.o(i._printf_core) refers (Special) to iusefp.o(.text) for __I$use$fp
    printfa.o(i._printf_core) refers to printfa.o(i._printf_pre_padding) for _printf_pre_padding
    printfa.o(i._printf_core) refers to uldiv.o(.text) for __aeabi_uldivmod
    printfa.o(i._printf_core) refers to printfa.o(i._printf_post_padding) for _printf_post_padding
    printfa.o(i._printf_core) refers to printfa.o(i._fp_digits) for _fp_digits
    printfa.o(i._printf_core) refers to uidiv.o(.text) for __aeabi_uidivmod
    printfa.o(i._printf_post_padding) refers (Special) to iusefp.o(.text) for __I$use$fp
    printfa.o(i._printf_pre_padding) refers (Special) to iusefp.o(.text) for __I$use$fp
    printfa.o(i._snputc) refers (Special) to iusefp.o(.text) for __I$use$fp
    printfa.o(i._sputc) refers (Special) to iusefp.o(.text) for __I$use$fp
    entry2.o(.ARM.Collect$$$$00000001) refers to entry2.o(.ARM.Collect$$$$00002712) for __lit__00000000
    entry2.o(.ARM.Collect$$$$00002712) refers to startup_lpc17xx.o(STACK) for __initial_sp
    entry2.o(__vectab_stack_and_reset_area) refers to startup_lpc17xx.o(STACK) for __initial_sp
    entry2.o(__vectab_stack_and_reset_area) refers to entry.o(.ARM.Collect$$$$00000000) for __main
    entry5.o(.ARM.Collect$$$$00000004) refers to init.o(.text) for __scatterload
    entry7.o(.ARM.Collect$$$$00000007) refers to client.o(.text) for main
    uldiv.o(.text) refers to llushr.o(.text) for __aeabi_llsr
    uldiv.o(.text) refers to llshl.o(.text) for __aeabi_llsl
    dadd.o(.text) refers to llshl.o(.text) for __aeabi_llsl
    dadd.o(.text) refers to llsshr.o(.text) for __aeabi_lasr
    dadd.o(.text) refers to depilogue.o(.text) for _double_epilogue
    dmul.o(.text) refers to depilogue.o(.text) for _double_epilogue
    ddiv.o(.text) refers to depilogue.o(.text) for _double_round
    dfixul.o(.text) refers to llushr.o(.text) for __aeabi_llsr
    dfixul.o(.text) refers to llshl.o(.text) for __aeabi_llsl
    init.o(.text) refers to entry5.o(.ARM.Collect$$$$00000004) for __main_after_scatterload
    depilogue.o(.text) refers to llshl.o(.text) for __aeabi_llsl
    depilogue.o(.text) refers to llushr.o(.text) for __aeabi_llsr


==============================================================================

Removing Unused input sections from the image.

    Removing client.o(.data), (1 bytes).
    Removing net_config.o(.constdata), (2 bytes).
    Removing net_debug.o(.text), (240 bytes).
    Removing startup_lpc17xx.o(HEAP), (512 bytes).
    Removing at_tcp.o(i.tcp_abort), (88 bytes).
    Removing at_tcp.o(i.tcp_close), (128 bytes).
    Removing at_tcp.o(i.tcp_get_adr), (24 bytes).
    Removing at_tcp.o(i.tcp_get_socket), (72 bytes).
    Removing at_tcp.o(i.tcp_listen), (124 bytes).
    Removing at_tcp.o(i.tcp_max_dsize), (36 bytes).
    Removing at_tcp.o(i.tcp_release_socket), (60 bytes).
    Removing at_tcp.o(i.tcp_reset_window), (80 bytes).
    Removing at_tcp.o(i.tcp_set_dack), (60 bytes).
    Removing at_udp.o(i.udp_close), (44 bytes).
    Removing at_udp.o(i.udp_mcast_ttl), (44 bytes).
    Removing at_udp.o(i.udp_release_socket), (48 bytes).
    Removing at_ethernet.o(i.eth_get_adr), (4 bytes).
    Removing at_system.o(.emb_text), (0 bytes).
    Removing at_arp.o(i.arp_cache_ip), (68 bytes).
    Removing at_arp.o(i.arp_get_adr), (68 bytes).
    Removing at_lib.o(i.asc_to_b64), (64 bytes).
    Removing at_lib.o(i.b64_to_asc), (116 bytes).
    Removing at_lib.o(i.bin_to_b64), (68 bytes).
    Removing at_lib.o(i.encode_b64), (70 bytes).
    Removing at_lib.o(i.get_crc), (40 bytes).
    Removing at_lib.o(i.get_u16), (10 bytes).
    Removing at_lib.o(i.mem_rcopy), (54 bytes).
    Removing at_lib.o(i.str_copy), (22 bytes).
    Removing at_lib.o(i.str_crc), (26 bytes).
    Removing at_lib.o(i.str_pos), (26 bytes).
    Removing at_lib.o(i.str_scomp), (26 bytes).
    Removing at_lib.o(i.str_ucomp), (40 bytes).
    Removing dadd.o(.text), (350 bytes).
    Removing dmul.o(.text), (240 bytes).
    Removing ddiv.o(.text), (280 bytes).
    Removing dfixul.o(.text), (50 bytes).
    Removing cdrcmple.o(.text), (76 bytes).
    Removing depilogue.o(.text), (234 bytes).

38 unused section(s) (total 3495 bytes) removed from the image.

==============================================================================

Image Symbol Table

    Local Symbols

    Symbol Name                              Value     Ov Type        Size  Object(Section)

    RESET                                    0x00000000   Section      204  startup_lpc17xx.o(RESET)
    ../../microlib/division.c                0x00000000   Number         0  uidiv.o ABSOLUTE
    ../../microlib/division.c                0x00000000   Number         0  uldiv.o ABSOLUTE
    ../../microlib/fpadd.c                   0x00000000   Number         0  dadd.o ABSOLUTE
    ../../microlib/fpdiv.c                   0x00000000   Number         0  ddiv.o ABSOLUTE
    ../../microlib/fpepilogue.c              0x00000000   Number         0  depilogue.o ABSOLUTE
    ../../microlib/fpfix.c                   0x00000000   Number         0  dfixul.o ABSOLUTE
    ../../microlib/fpmul.c                   0x00000000   Number         0  dmul.o ABSOLUTE
    ../../microlib/init/entry.s              0x00000000   Number         0  entry2.o ABSOLUTE
    ../../microlib/init/entry.s              0x00000000   Number         0  entry5.o ABSOLUTE
    ../../microlib/init/entry.s              0x00000000   Number         0  entry7.o ABSOLUTE
    ../../microlib/init/entry.s              0x00000000   Number         0  entry.o ABSOLUTE
    ../../microlib/longlong.c                0x00000000   Number         0  llshl.o ABSOLUTE
    ../../microlib/longlong.c                0x00000000   Number         0  llushr.o ABSOLUTE
    ../../microlib/longlong.c                0x00000000   Number         0  llsshr.o ABSOLUTE
    ../../microlib/printf/printf.c           0x00000000   Number         0  printf1.o ABSOLUTE
    ../../microlib/printf/printf.c           0x00000000   Number         0  printf5.o ABSOLUTE
    ../../microlib/printf/printf.c           0x00000000   Number         0  printf4.o ABSOLUTE
    ../../microlib/printf/printf.c           0x00000000   Number         0  printf3.o ABSOLUTE
    ../../microlib/printf/printf.c           0x00000000   Number         0  printf2.o ABSOLUTE
    ../../microlib/printf/printf.c           0x00000000   Number         0  printf0.o ABSOLUTE
    ../../microlib/printf/printf.c           0x00000000   Number         0  printfb.o ABSOLUTE
    ../../microlib/printf/printf.c           0x00000000   Number         0  printf6.o ABSOLUTE
    ../../microlib/printf/printf.c           0x00000000   Number         0  printf8.o ABSOLUTE
    ../../microlib/printf/printf.c           0x00000000   Number         0  printf7.o ABSOLUTE
    ../../microlib/printf/printf.c           0x00000000   Number         0  printfa.o ABSOLUTE
    ../../microlib/stdio/streams.c           0x00000000   Number         0  stdout.o ABSOLUTE
    ../../microlib/stubs.s                   0x00000000   Number         0  iusefp.o ABSOLUTE
    Client.c                                 0x00000000   Number         0  client.o ABSOLUTE
    GLCD\GLCD_LPC1700.c                      0x00000000   Number         0  glcd_lpc1700.o ABSOLUTE
    GLCD\\GLCD_LPC1700.c                     0x00000000   Number         0  glcd_lpc1700.o ABSOLUTE
    IP\EMAC_LPC17xx.c                        0x00000000   Number         0  emac_lpc17xx.o ABSOLUTE
    IP\Net_Config.c                          0x00000000   Number         0  net_config.o ABSOLUTE
    IP\Net_Debug.c                           0x00000000   Number         0  net_debug.o ABSOLUTE
    Load_pic.c                               0x00000000   Number         0  load_pic.o ABSOLUTE
    SRC\\at_System.c                         0x00000000   Number         0  at_system.o ABSOLUTE
    SRC\at_ARP.c                             0x00000000   Number         0  at_arp.o ABSOLUTE
    SRC\at_Ethernet.c                        0x00000000   Number         0  at_ethernet.o ABSOLUTE
    SRC\at_ICMP.c                            0x00000000   Number         0  at_icmp.o ABSOLUTE
    SRC\at_IP.c                              0x00000000   Number         0  at_ip.o ABSOLUTE
    SRC\at_Lib.c                             0x00000000   Number         0  at_lib.o ABSOLUTE
    SRC\at_Mem.c                             0x00000000   Number         0  at_mem.o ABSOLUTE
    SRC\at_NBNS.c                            0x00000000   Number         0  at_nbns.o ABSOLUTE
    SRC\at_System.c                          0x00000000   Number         0  at_system.o ABSOLUTE
    SRC\at_TCP.c                             0x00000000   Number         0  at_tcp.o ABSOLUTE
    SRC\at_UDP.c                             0x00000000   Number         0  at_udp.o ABSOLUTE
    System\startup_LPC17xx.s                 0x00000000   Number         0  startup_lpc17xx.o ABSOLUTE
    System\system_LPC17xx.c                  0x00000000   Number         0  system_lpc17xx.o ABSOLUTE
    cdrcmple.s                               0x00000000   Number         0  cdrcmple.o ABSOLUTE
    dc.s                                     0x00000000   Number         0  dc.o ABSOLUTE
    handlers.s                               0x00000000   Number         0  handlers.o ABSOLUTE
    init.s                                   0x00000000   Number         0  init.o ABSOLUTE
    .ARM.Collect$$$$00000000                 0x000000cc   Section        0  entry.o(.ARM.Collect$$$$00000000)
    .ARM.Collect$$$$00000001                 0x000000cc   Section        4  entry2.o(.ARM.Collect$$$$00000001)
    .ARM.Collect$$$$00000004                 0x000000d0   Section        4  entry5.o(.ARM.Collect$$$$00000004)
    .ARM.Collect$$$$00000007                 0x000000d4   Section        8  entry7.o(.ARM.Collect$$$$00000007)
    .ARM.Collect$$$$00002712                 0x000000dc   Section        4  entry2.o(.ARM.Collect$$$$00002712)
    __lit__00000000                          0x000000dc   Data           4  entry2.o(.ARM.Collect$$$$00002712)
    .emb_text                                0x000000e0   Section        4  glcd_lpc1700.o(.emb_text)
    .text                                    0x000000e4   Section        0  load_pic.o(.text)
    .text                                    0x00000290   Section        0  net_config.o(.text)
    .text                                    0x000002d0   Section       28  startup_lpc17xx.o(.text)
    i.CalcChksumVal                          0x000002ec   Section        0  at_lib.o(i.CalcChksumVal)
    i.__scatterload_null                     0x000002f6   Section        2  handlers.o(i.__scatterload_null)
    i.poll_ethernet                          0x000002f8   Section        0  at_ethernet.o(i.poll_ethernet)
    i.process_hl_igmp                        0x000002fa   Section        0  at_ethernet.o(i.process_hl_igmp)
    .ARM.__at_0x02FC                         0x000002fc   Section        4  startup_lpc17xx.o(.ARM.__at_0x02FC)
    .text                                    0x00000300   Section        0  client.o(.text)
    init_display                             0x00000513   Thumb Code    84  client.o(.text)
    .text                                    0x000005e0   Section        0  emac_lpc17xx.o(.text)
    output_MDIO                              0x000005e1   Thumb Code    42  emac_lpc17xx.o(.text)
    read_PHY                                 0x0000060b   Thumb Code   136  emac_lpc17xx.o(.text)
    write_PHY                                0x00000693   Thumb Code   112  emac_lpc17xx.o(.text)
    turnaround_MDIO                          0x00000a09   Thumb Code    18  emac_lpc17xx.o(.text)
    .text                                    0x00000a20   Section        0  system_lpc17xx.o(.text)
    .text                                    0x00000b60   Section        0  glcd_lpc1700.o(.text)
    lcd_send                                 0x00000b67   Thumb Code    36  glcd_lpc1700.o(.text)
    delay                                    0x00001893   Thumb Code     8  glcd_lpc1700.o(.text)
    wr_cmd                                   0x0000189b   Thumb Code    32  glcd_lpc1700.o(.text)
    wr_dat                                   0x000018bb   Thumb Code    32  glcd_lpc1700.o(.text)
    wr_dat_only                              0x000018db   Thumb Code    22  glcd_lpc1700.o(.text)
    wr_reg                                   0x000018f1   Thumb Code    26  glcd_lpc1700.o(.text)
    rd_reg                                   0x0000190b   Thumb Code    78  glcd_lpc1700.o(.text)
    .text                                    0x00001960   Section       36  init.o(.text)
    i.CalcChksum                             0x00001984   Section        0  at_lib.o(i.CalcChksum)
    i.CalcChksumBuf                          0x0000199c   Section        0  at_lib.o(i.CalcChksumBuf)
    i.SwapB                                  0x000019c4   Section        0  at_lib.o(i.SwapB)
    i.__scatterload_copy                     0x000019ce   Section       14  handlers.o(i.__scatterload_copy)
    i.__scatterload_zeroinit                 0x000019dc   Section       14  handlers.o(i.__scatterload_zeroinit)
    i.alloc_mem                              0x000019ec   Section        0  at_mem.o(i.alloc_mem)
    i.arp_cache_add                          0x00001a88   Section        0  at_arp.o(i.arp_cache_add)
    i.arp_cache_alloc                        0x00001b4c   Section        0  at_arp.o(i.arp_cache_alloc)
    arp_cache_alloc                          0x00001b4d   Thumb Code    90  at_arp.o(i.arp_cache_alloc)
    i.arp_cache_find                         0x00001bb4   Section        0  at_arp.o(i.arp_cache_find)
    i.arp_cache_update                       0x00001cc8   Section        0  at_arp.o(i.arp_cache_update)
    i.arp_get_response                       0x00001dc0   Section        0  at_arp.o(i.arp_get_response)
    arp_get_response                         0x00001dc1   Thumb Code    86  at_arp.o(i.arp_get_response)
    i.arp_send_reply                         0x00001e28   Section        0  at_arp.o(i.arp_send_reply)
    arp_send_reply                           0x00001e29   Thumb Code   148  at_arp.o(i.arp_send_reply)
    i.arp_send_req                           0x00001ec4   Section        0  at_arp.o(i.arp_send_req)
    arp_send_req                             0x00001ec5   Thumb Code   134  at_arp.o(i.arp_send_req)
    i.eth_chk_adr                            0x00001f5c   Section        0  at_ethernet.o(i.eth_chk_adr)
    i.eth_send_frame                         0x00001f6c   Section        0  at_ethernet.o(i.eth_send_frame)
    i.free_mem                               0x00002000   Section        0  at_mem.o(i.free_mem)
    i.get_u32                                0x00002068   Section        0  at_lib.o(i.get_u32)
    i.init_TcpNet                            0x00002080   Section       56  at_system.o(i.init_TcpNet)
    i.init_arp                               0x000020b8   Section        0  at_arp.o(i.init_arp)
    i.init_eth_link                          0x000020e0   Section        0  at_ethernet.o(i.init_eth_link)
    i.init_mem                               0x00002104   Section        0  at_mem.o(i.init_mem)
    i.init_nbns                              0x00002128   Section        0  at_nbns.o(i.init_nbns)
    i.init_tcp                               0x00002154   Section        0  at_tcp.o(i.init_tcp)
    i.init_udp                               0x0000216c   Section        0  at_udp.o(i.init_udp)
    i.ip_chk_frame                           0x00002188   Section        0  at_ip.o(i.ip_chk_frame)
    i.ip_get_chksum                          0x00002248   Section        0  at_ip.o(i.ip_get_chksum)
    ip_get_chksum                            0x00002249   Thumb Code    10  at_ip.o(i.ip_get_chksum)
    i.ip_get_locadr                          0x00002254   Section        0  at_ip.o(i.ip_get_locadr)
    i.ip_send_frame                          0x000022ec   Section        0  at_ip.o(i.ip_send_frame)
    i.is_subnet                              0x00002378   Section        0  at_lib.o(i.is_subnet)
    i.is_subnet_bcast                        0x0000239c   Section        0  at_arp.o(i.is_subnet_bcast)
    i.main_TcpNet                            0x000023c8   Section       60  at_system.o(i.main_TcpNet)
    i.mem_comp                               0x00002404   Section        0  at_lib.o(i.mem_comp)
    i.mem_copy                               0x00002424   Section        0  at_lib.o(i.mem_copy)
    i.mem_set                                0x00002444   Section        0  at_lib.o(i.mem_set)
    i.mem_test                               0x00002454   Section        0  at_lib.o(i.mem_test)
    i.nbns_listener                          0x0000246c   Section        0  at_nbns.o(i.nbns_listener)
    nbns_listener                            0x0000246d   Thumb Code   286  at_nbns.o(i.nbns_listener)
    i.process_arp                            0x0000259c   Section        0  at_arp.o(i.process_arp)
    i.process_icmp                           0x00002634   Section        0  at_icmp.o(i.process_icmp)
    i.process_tcp                            0x000026a8   Section        0  at_tcp.o(i.process_tcp)
    i.process_udp                            0x00002acc   Section        0  at_udp.o(i.process_udp)
    i.put_in_queue                           0x00002b98   Section        0  at_ethernet.o(i.put_in_queue)
    i.resize_mem                             0x00002bc4   Section        0  at_mem.o(i.resize_mem)
    i.run_eth_link                           0x00002bf8   Section        0  at_ethernet.o(i.run_eth_link)
    i.set_u32                                0x00002ca4   Section        0  at_lib.o(i.set_u32)
    i.str_up_case                            0x00002cb4   Section        0  at_lib.o(i.str_up_case)
    i.tcp_check_send                         0x00002cd0   Section        0  at_tcp.o(i.tcp_check_send)
    i.tcp_connect                            0x00002d08   Section        0  at_tcp.o(i.tcp_connect)
    i.tcp_get_buf                            0x00002da8   Section        0  at_tcp.o(i.tcp_get_buf)
    i.tcp_get_free_port                      0x00002db8   Section        0  at_tcp.o(i.tcp_get_free_port)
    i.tcp_get_state                          0x00002e10   Section        0  at_tcp.o(i.tcp_get_state)
    i.tcp_init_seq                           0x00002e3c   Section        0  at_tcp.o(i.tcp_init_seq)
    tcp_init_seq                             0x00002e3d   Thumb Code    14  at_tcp.o(i.tcp_init_seq)
    i.tcp_map_socket                         0x00002e50   Section        0  at_tcp.o(i.tcp_map_socket)
    tcp_map_socket                           0x00002e51   Thumb Code   148  at_tcp.o(i.tcp_map_socket)
    i.tcp_poll_sockets                       0x00002eec   Section        0  at_tcp.o(i.tcp_poll_sockets)
    i.tcp_process_opt                        0x000030dc   Section        0  at_tcp.o(i.tcp_process_opt)
    tcp_process_opt                          0x000030dd   Thumb Code   104  at_tcp.o(i.tcp_process_opt)
    i.tcp_send                               0x00003148   Section        0  at_tcp.o(i.tcp_send)
    i.tcp_send_ctrl                          0x00003248   Section        0  at_tcp.o(i.tcp_send_ctrl)
    tcp_send_ctrl                            0x00003249   Thumb Code    34  at_tcp.o(i.tcp_send_ctrl)
    i.tcp_send_frame                         0x0000326c   Section        0  at_tcp.o(i.tcp_send_frame)
    tcp_send_frame                           0x0000326d   Thumb Code   236  at_tcp.o(i.tcp_send_frame)
    i.tcp_send_reset                         0x00003360   Section        0  at_tcp.o(i.tcp_send_reset)
    tcp_send_reset                           0x00003361   Thumb Code   120  at_tcp.o(i.tcp_send_reset)
    i.tcp_set_retransmit                     0x000033e0   Section        0  at_tcp.o(i.tcp_set_retransmit)
    tcp_set_retransmit                       0x000033e1   Thumb Code    18  at_tcp.o(i.tcp_set_retransmit)
    i.tcp_transit                            0x000033f4   Section        0  at_tcp.o(i.tcp_transit)
    tcp_transit                              0x000033f5   Thumb Code    98  at_tcp.o(i.tcp_transit)
    i.timer_tick                             0x0000346c   Section       12  at_system.o(i.timer_tick)
    i.udp_get_buf                            0x00003478   Section        0  at_udp.o(i.udp_get_buf)
    i.udp_get_socket                         0x00003488   Section        0  at_udp.o(i.udp_get_socket)
    i.udp_open                               0x000034d0   Section        0  at_udp.o(i.udp_open)
    i.udp_send                               0x0000354c   Section        0  at_udp.o(i.udp_send)
    .constdata                               0x00003650   Section    115200  load_pic.o(.constdata)
    .constdata                               0x0001f850   Section       60  net_config.o(.constdata)
    .constdata                               0x0001f88c   Section        1  net_config.o(.constdata)
    .constdata                               0x0001f890   Section        4  net_config.o(.constdata)
    .constdata                               0x0001f894   Section        2  net_config.o(.constdata)
    .constdata                               0x0001f896   Section        2  net_config.o(.constdata)
    .constdata                               0x0001f898   Section        2  net_config.o(.constdata)
    .constdata                               0x0001f89a   Section        1  net_config.o(.constdata)
    .constdata                               0x0001f89b   Section        1  net_config.o(.constdata)
    .constdata                               0x0001f89c   Section        1  net_config.o(.constdata)
    .constdata                               0x0001f89d   Section        1  net_config.o(.constdata)
    .constdata                               0x0001f89e   Section        1  net_config.o(.constdata)
    .constdata                               0x0001f8a0   Section        2  net_config.o(.constdata)
    .constdata                               0x0001f8a2   Section        2  net_config.o(.constdata)
    .constdata                               0x0001f8a4   Section        2  net_config.o(.constdata)
    .constdata                               0x0001f8a6   Section        2  net_config.o(.constdata)
    .constdata                               0x0001f8a8   Section        1  net_config.o(.constdata)
    .constdata                               0x0001f8aa   Section     5376  glcd_lpc1700.o(.constdata)
    .constdata                               0x00020daa   Section        8  at_nbns.o(.constdata)
    nbns_ttllen                              0x00020daa   Data           8  at_nbns.o(.constdata)
    .constdata                               0x00020db2   Section        6  at_ethernet.o(.constdata)
    .constdata                               0x00020db8   Section        4  at_ip.o(.constdata)
    .data                                    0x10000000   Section       16  client.o(.data)
    .data                                    0x10000010   Section       16  net_config.o(.data)
    .data                                    0x10000020   Section        6  net_config.o(.data)
    .data                                    0x10000028   Section        8  emac_lpc17xx.o(.data)
    dev_175x                                 0x10000028   Data           1  emac_lpc17xx.o(.data)
    .data                                    0x10000030   Section        4  system_lpc17xx.o(.data)
    .data                                    0x10000034   Section        6  glcd_lpc1700.o(.data)
    TextColor                                0x10000034   Data           2  glcd_lpc1700.o(.data)
    BackColor                                0x10000036   Data           2  glcd_lpc1700.o(.data)
    driverCode                               0x10000038   Data           2  glcd_lpc1700.o(.data)
    .data                                    0x1000003a   Section        4  at_tcp.o(.data)
    socket                                   0x1000003a   Data           1  at_tcp.o(.data)
    port                                     0x1000003c   Data           2  at_tcp.o(.data)
    .data                                    0x1000003e   Section        2  at_udp.o(.data)
    port                                     0x1000003e   Data           2  at_udp.o(.data)
    .data                                    0x10000040   Section        1  at_nbns.o(.data)
    nbns_Socket                              0x10000040   Data           1  at_nbns.o(.data)
    .data                                    0x10000044   Section        8  at_ethernet.o(.data)
    q_head                                   0x10000044   Data           4  at_ethernet.o(.data)
    q_tail                                   0x10000048   Data           4  at_ethernet.o(.data)
    .data                                    0x1000004c   Section        4  at_mem.o(.data)
    Mem_Load                                 0x1000004c   Data           4  at_mem.o(.data)
    .data                                    0x10000050   Section        8  at_system.o(.data)
    tick_fl                                  0x10000052   Data           1  at_system.o(.data)
    sec_cnt                                  0x10000056   Data           2  at_system.o(.data)
    .data                                    0x10000058   Section        2  at_arp.o(.data)
    next_entry                               0x10000058   Data           2  at_arp.o(.data)
    .data                                    0x1000005a   Section        4  at_ip.o(.data)
    netif                                    0x1000005a   Data           1  at_ip.o(.data)
    ip_id                                    0x1000005c   Data           2  at_ip.o(.data)
    .bss                                     0x10000060   Section     8192  net_config.o(.bss)
    .bss                                     0x10002060   Section      140  net_config.o(.bss)
    .bss                                     0x100020ec   Section       24  net_config.o(.bss)
    .bss                                     0x10002104   Section      132  net_config.o(.bss)
    .bss                                     0x10002188   Section    10852  emac_lpc17xx.o(.bss)
    Rx_Desc                                  0x10002188   Data          32  emac_lpc17xx.o(.bss)
    Rx_Stat                                  0x100021a8   Data          32  emac_lpc17xx.o(.bss)
    Tx_Desc                                  0x100021c8   Data          24  emac_lpc17xx.o(.bss)
    Tx_Stat                                  0x100021e0   Data          12  emac_lpc17xx.o(.bss)
    rx_buf                                   0x100021ec   Data        6144  emac_lpc17xx.o(.bss)
    tx_buf                                   0x100039ec   Data        4608  emac_lpc17xx.o(.bss)
    .bss                                     0x10004bec   Section      128  at_ethernet.o(.bss)
    rx_queue                                 0x10004bec   Data         128  at_ethernet.o(.bss)
    .bss                                     0x10004c6c   Section       60  at_system.o(.bss)
    STACK                                    0x10004ca8   Section     1024  startup_lpc17xx.o(STACK)

    Global Symbols

    Symbol Name                              Value     Ov Type        Size  Object(Section)

    BuildAttributes$$THM_ISAv4$P$D$K$B$S$PE$A:L22UL41UL21$X:L11$S22US41US21$IEEE1$IW$USESV6$~STKCKD$USESV7$~SHL$OSPACE$ROPI$EBA8$MICROLIB$REQ8$PRES8$EABIv2 0x00000000   Number         0  anon$$obj.o ABSOLUTE
    __ARM_use_no_argv                        0x00000000   Number         0  client.o ABSOLUTE
    __Vectors                                0x00000000   Data           4  startup_lpc17xx.o(RESET)
    __decompress                              - Undefined Weak Reference
    arp_notify                                - Undefined Weak Reference
    __main                                   0x000000cd   Thumb Code     0  entry.o(.ARM.Collect$$$$00000000)
    _main_stk                                0x000000cd   Thumb Code     0  entry2.o(.ARM.Collect$$$$00000001)
    _main_scatterload                        0x000000d1   Thumb Code     0  entry5.o(.ARM.Collect$$$$00000004)
    __main_after_scatterload                 0x000000d5   Thumb Code     0  entry5.o(.ARM.Collect$$$$00000004)
    _main_init                               0x000000d5   Thumb Code     0  entry7.o(.ARM.Collect$$$$00000007)
    wait                                     0x000000e1   Thumb Code     4  glcd_lpc1700.o(.emb_text)
    Draw_circle                              0x000000e5   Thumb Code   162  load_pic.o(.text)
    Draw_sad_face                            0x00000187   Thumb Code   196  load_pic.o(.text)
    Load_Pic                                 0x0000024b   Thumb Code    58  load_pic.o(.text)
    sys_error                                0x00000291   Thumb Code     2  net_config.o(.text)
    init_system                              0x00000293   Thumb Code    24  net_config.o(.text)
    run_system                               0x000002ab   Thumb Code    14  net_config.o(.text)
    process_hl_udp                           0x000002b9   Thumb Code     4  net_config.o(.text)
    process_hl_tcp                           0x000002bd   Thumb Code     4  net_config.o(.text)
    dispatch_frame                           0x000002c1   Thumb Code    10  net_config.o(.text)
    igmp_is_member                           0x000002cb   Thumb Code     4  net_config.o(.text)
    Reset_Handler                            0x000002d1   Thumb Code     4  startup_lpc17xx.o(.text)
    NMI_Handler                              0x000002d5   Thumb Code     2  startup_lpc17xx.o(.text)
    HardFault_Handler                        0x000002d7   Thumb Code     2  startup_lpc17xx.o(.text)
    MemManage_Handler                        0x000002d9   Thumb Code     2  startup_lpc17xx.o(.text)
    BusFault_Handler                         0x000002db   Thumb Code     2  startup_lpc17xx.o(.text)
    UsageFault_Handler                       0x000002dd   Thumb Code     2  startup_lpc17xx.o(.text)
    SVC_Handler                              0x000002df   Thumb Code     2  startup_lpc17xx.o(.text)
    DebugMon_Handler                         0x000002e1   Thumb Code     2  startup_lpc17xx.o(.text)
    PendSV_Handler                           0x000002e3   Thumb Code     2  startup_lpc17xx.o(.text)
    SysTick_Handler                          0x000002e5   Thumb Code     2  startup_lpc17xx.o(.text)
    ADC_IRQHandler                           0x000002e7   Thumb Code     0  startup_lpc17xx.o(.text)
    BOD_IRQHandler                           0x000002e7   Thumb Code     0  startup_lpc17xx.o(.text)
    CANActivity_IRQHandler                   0x000002e7   Thumb Code     0  startup_lpc17xx.o(.text)
    CAN_IRQHandler                           0x000002e7   Thumb Code     0  startup_lpc17xx.o(.text)
    DMA_IRQHandler                           0x000002e7   Thumb Code     0  startup_lpc17xx.o(.text)
    EINT0_IRQHandler                         0x000002e7   Thumb Code     0  startup_lpc17xx.o(.text)
    EINT1_IRQHandler                         0x000002e7   Thumb Code     0  startup_lpc17xx.o(.text)
    EINT2_IRQHandler                         0x000002e7   Thumb Code     0  startup_lpc17xx.o(.text)
    I2C0_IRQHandler                          0x000002e7   Thumb Code     0  startup_lpc17xx.o(.text)
    I2C1_IRQHandler                          0x000002e7   Thumb Code     0  startup_lpc17xx.o(.text)
    I2C2_IRQHandler                          0x000002e7   Thumb Code     0  startup_lpc17xx.o(.text)
    I2S_IRQHandler                           0x000002e7   Thumb Code     0  startup_lpc17xx.o(.text)
    MCPWM_IRQHandler                         0x000002e7   Thumb Code     0  startup_lpc17xx.o(.text)
    PLL0_IRQHandler                          0x000002e7   Thumb Code     0  startup_lpc17xx.o(.text)
    PLL1_IRQHandler                          0x000002e7   Thumb Code     0  startup_lpc17xx.o(.text)
    PWM1_IRQHandler                          0x000002e7   Thumb Code     0  startup_lpc17xx.o(.text)
    QEI_IRQHandler                           0x000002e7   Thumb Code     0  startup_lpc17xx.o(.text)
    RIT_IRQHandler                           0x000002e7   Thumb Code     0  startup_lpc17xx.o(.text)
    RTC_IRQHandler                           0x000002e7   Thumb Code     0  startup_lpc17xx.o(.text)
    SPI_IRQHandler                           0x000002e7   Thumb Code     0  startup_lpc17xx.o(.text)
    SSP0_IRQHandler                          0x000002e7   Thumb Code     0  startup_lpc17xx.o(.text)
    SSP1_IRQHandler                          0x000002e7   Thumb Code     0  startup_lpc17xx.o(.text)
    TIMER0_IRQHandler                        0x000002e7   Thumb Code     0  startup_lpc17xx.o(.text)
    TIMER1_IRQHandler                        0x000002e7   Thumb Code     0  startup_lpc17xx.o(.text)
    TIMER2_IRQHandler                        0x000002e7   Thumb Code     0  startup_lpc17xx.o(.text)
    TIMER3_IRQHandler                        0x000002e7   Thumb Code     0  startup_lpc17xx.o(.text)
    UART0_IRQHandler                         0x000002e7   Thumb Code     0  startup_lpc17xx.o(.text)
    UART1_IRQHandler                         0x000002e7   Thumb Code     0  startup_lpc17xx.o(.text)
    UART2_IRQHandler                         0x000002e7   Thumb Code     0  startup_lpc17xx.o(.text)
    UART3_IRQHandler                         0x000002e7   Thumb Code     0  startup_lpc17xx.o(.text)
    USBActivity_IRQHandler                   0x000002e7   Thumb Code     0  startup_lpc17xx.o(.text)
    USB_IRQHandler                           0x000002e7   Thumb Code     0  startup_lpc17xx.o(.text)
    WDT_IRQHandler                           0x000002e7   Thumb Code     0  startup_lpc17xx.o(.text)
    CalcChksumVal                            0x000002ed   Thumb Code    10  at_lib.o(i.CalcChksumVal)
    __scatterload_null                       0x000002f7   Thumb Code     2  handlers.o(i.__scatterload_null)
    poll_ethernet                            0x000002f9   Thumb Code     2  at_ethernet.o(i.poll_ethernet)
    process_hl_igmp                          0x000002fb   Thumb Code     2  at_ethernet.o(i.process_hl_igmp)
    delay                                    0x00000301   Thumb Code    12  client.o(.text)
    BUTTON_init                              0x0000030d   Thumb Code    34  client.o(.text)
    LED_out                                  0x0000032f   Thumb Code    62  client.o(.text)
    procrec                                  0x0000036d   Thumb Code    12  client.o(.text)
    fputc                                    0x00000379   Thumb Code    26  client.o(.text)
    udp_callback                             0x00000393   Thumb Code    38  client.o(.text)
    tcp_callback                             0x000003b9   Thumb Code    36  client.o(.text)
    send_data                                0x000003dd   Thumb Code   112  client.o(.text)
    __TCP_ARM_VER                            0x00000405   Number         0  at_system.o ABSOLUTE
    main                                     0x0000044d   Thumb Code   162  client.o(.text)
    EINT3_IRQHandler                         0x000004ef   Thumb Code    36  client.o(.text)
    init_ethernet                            0x00000703   Thumb Code   498  emac_lpc17xx.o(.text)
    int_enable_eth                           0x000008f5   Thumb Code    10  emac_lpc17xx.o(.text)
    int_disable_eth                          0x000008ff   Thumb Code    10  emac_lpc17xx.o(.text)
    send_frame                               0x00000909   Thumb Code    68  emac_lpc17xx.o(.text)
    ENET_IRQHandler                          0x0000094d   Thumb Code   188  emac_lpc17xx.o(.text)
    SystemInit                               0x00000a21   Thumb Code   288  system_lpc17xx.o(.text)
    wait_delay                               0x00000b61   Thumb Code     6  glcd_lpc1700.o(.text)
    GLCD_Init                                0x00000b8b   Thumb Code  2040  glcd_lpc1700.o(.text)
    GLCD_WindowMax                           0x00001383   Thumb Code    86  glcd_lpc1700.o(.text)
    GLCD_PutPixel                            0x000013d9   Thumb Code    74  glcd_lpc1700.o(.text)
    GLCD_SetTextColor                        0x00001423   Thumb Code     6  glcd_lpc1700.o(.text)
    GLCD_SetBackColor                        0x00001429   Thumb Code     6  glcd_lpc1700.o(.text)
    GLCD_Clear                               0x0000142f   Thumb Code    94  glcd_lpc1700.o(.text)
    GLCD_DrawChar                            0x0000148d   Thumb Code   224  glcd_lpc1700.o(.text)
    GLCD_DisplayChar                         0x0000156d   Thumb Code    26  glcd_lpc1700.o(.text)
    GLCD_DisplayString                       0x00001587   Thumb Code    34  glcd_lpc1700.o(.text)
    GLCD_ClearLn                             0x000015a9   Thumb Code    20  glcd_lpc1700.o(.text)
    GLCD_Bargraph                            0x000015bd   Thumb Code   226  glcd_lpc1700.o(.text)
    GLCD_Bitmap                              0x0000169f   Thumb Code   272  glcd_lpc1700.o(.text)
    GLCD_Bmp                                 0x000017af   Thumb Code   228  glcd_lpc1700.o(.text)
    __scatterload                            0x00001961   Thumb Code    28  init.o(.text)
    __scatterload_rt2                        0x00001961   Thumb Code     0  init.o(.text)
    CalcChksum                               0x00001985   Thumb Code    22  at_lib.o(i.CalcChksum)
    CalcChksumBuf                            0x0000199d   Thumb Code    40  at_lib.o(i.CalcChksumBuf)
    SwapB                                    0x000019c5   Thumb Code    10  at_lib.o(i.SwapB)
    __scatterload_copy                       0x000019cf   Thumb Code    14  handlers.o(i.__scatterload_copy)
    __scatterload_zeroinit                   0x000019dd   Thumb Code    14  handlers.o(i.__scatterload_zeroinit)
    alloc_mem                                0x000019ed   Thumb Code   144  at_mem.o(i.alloc_mem)
    arp_cache_add                            0x00001a89   Thumb Code   174  at_arp.o(i.arp_cache_add)
    arp_cache_find                           0x00001bb5   Thumb Code   252  at_arp.o(i.arp_cache_find)
    arp_cache_update                         0x00001cc9   Thumb Code   218  at_arp.o(i.arp_cache_update)
    eth_chk_adr                              0x00001f5d   Thumb Code    10  at_ethernet.o(i.eth_chk_adr)
    eth_send_frame                           0x00001f6d   Thumb Code   136  at_ethernet.o(i.eth_send_frame)
    free_mem                                 0x00002001   Thumb Code    94  at_mem.o(i.free_mem)
    get_u32                                  0x00002069   Thumb Code    22  at_lib.o(i.get_u32)
    init_TcpNet                              0x00002081   Thumb Code    40  at_system.o(i.init_TcpNet)
    init_arp                                 0x000020b9   Thumb Code    30  at_arp.o(i.init_arp)
    init_eth_link                            0x000020e1   Thumb Code    30  at_ethernet.o(i.init_eth_link)
    init_mem                                 0x00002105   Thumb Code    24  at_mem.o(i.init_mem)
    init_nbns                                0x00002129   Thumb Code    34  at_nbns.o(i.init_nbns)
    init_tcp                                 0x00002155   Thumb Code    16  at_tcp.o(i.init_tcp)
    init_udp                                 0x0000216d   Thumb Code    18  at_udp.o(i.init_udp)
    ip_chk_frame                             0x00002189   Thumb Code   184  at_ip.o(i.ip_chk_frame)
    ip_get_locadr                            0x00002255   Thumb Code   140  at_ip.o(i.ip_get_locadr)
    ip_send_frame                            0x000022ed   Thumb Code   136  at_ip.o(i.ip_send_frame)
    is_subnet                                0x00002379   Thumb Code    34  at_lib.o(i.is_subnet)
    is_subnet_bcast                          0x0000239d   Thumb Code    40  at_arp.o(i.is_subnet_bcast)
    main_TcpNet                              0x000023c9   Thumb Code    50  at_system.o(i.main_TcpNet)
    mem_comp                                 0x00002405   Thumb Code    30  at_lib.o(i.mem_comp)
    mem_copy                                 0x00002425   Thumb Code    30  at_lib.o(i.mem_copy)
    mem_set                                  0x00002445   Thumb Code    16  at_lib.o(i.mem_set)
    mem_test                                 0x00002455   Thumb Code    22  at_lib.o(i.mem_test)
    process_arp                              0x0000259d   Thumb Code   142  at_arp.o(i.process_arp)
    process_icmp                             0x00002635   Thumb Code   116  at_icmp.o(i.process_icmp)
    process_tcp                              0x000026a9   Thumb Code  1056  at_tcp.o(i.process_tcp)
    process_udp                              0x00002acd   Thumb Code   196  at_udp.o(i.process_udp)
    put_in_queue                             0x00002b99   Thumb Code    36  at_ethernet.o(i.put_in_queue)
    resize_mem                               0x00002bc5   Thumb Code    48  at_mem.o(i.resize_mem)
    run_eth_link                             0x00002bf9   Thumb Code   160  at_ethernet.o(i.run_eth_link)
    set_u32                                  0x00002ca5   Thumb Code    16  at_lib.o(i.set_u32)
    str_up_case                              0x00002cb5   Thumb Code    26  at_lib.o(i.str_up_case)
    tcp_check_send                           0x00002cd1   Thumb Code    48  at_tcp.o(i.tcp_check_send)
    tcp_connect                              0x00002d09   Thumb Code   150  at_tcp.o(i.tcp_connect)
    tcp_get_buf                              0x00002da9   Thumb Code    16  at_tcp.o(i.tcp_get_buf)
    tcp_get_free_port                        0x00002db9   Thumb Code    76  at_tcp.o(i.tcp_get_free_port)
    tcp_get_state                            0x00002e11   Thumb Code    34  at_tcp.o(i.tcp_get_state)
    tcp_poll_sockets                         0x00002eed   Thumb Code   466  at_tcp.o(i.tcp_poll_sockets)
    tcp_send                                 0x00003149   Thumb Code   240  at_tcp.o(i.tcp_send)
    timer_tick                               0x0000346d   Thumb Code     8  at_system.o(i.timer_tick)
    udp_get_buf                              0x00003479   Thumb Code    16  at_udp.o(i.udp_get_buf)
    udp_get_socket                           0x00003489   Thumb Code    62  at_udp.o(i.udp_get_socket)
    udp_open                                 0x000034d1   Thumb Code   112  at_udp.o(i.udp_open)
    udp_send                                 0x0000354d   Thumb Code   250  at_udp.o(i.udp_send)
    BMP_DATA                                 0x00003650   Data       38400  load_pic.o(.constdata)
    BMP_DATA1                                0x0000cc50   Data       38400  load_pic.o(.constdata)
    BMP_DATA2                                0x00016250   Data       38400  load_pic.o(.constdata)
    nlocalm                                  0x0001f850   Data          60  net_config.o(.constdata)
    netif_cfg                                0x0001f88c   Data           1  net_config.o(.constdata)
    MPool_Size                               0x0001f890   Data           4  net_config.o(.constdata)
    tick_rate                                0x0001f894   Data           2  net_config.o(.constdata)
    arp_TabSize                              0x0001f896   Data           2  net_config.o(.constdata)
    arp_TimeOut                              0x0001f898   Data           2  net_config.o(.constdata)
    arp_MaxRetry                             0x0001f89a   Data           1  net_config.o(.constdata)
    arp_Resend                               0x0001f89b   Data           1  net_config.o(.constdata)
    udp_NumSocks                             0x0001f89c   Data           1  net_config.o(.constdata)
    tcp_NumSocks                             0x0001f89d   Data           1  net_config.o(.constdata)
    tcp_MaxRetry                             0x0001f89e   Data           1  net_config.o(.constdata)
    tcp_RetryTout                            0x0001f8a0   Data           2  net_config.o(.constdata)
    tcp_2MSSTout                             0x0001f8a2   Data           2  net_config.o(.constdata)
    tcp_SynRetryTout                         0x0001f8a4   Data           2  net_config.o(.constdata)
    tcp_InitRetryTout                        0x0001f8a6   Data           2  net_config.o(.constdata)
    tcp_ConRetry                             0x0001f8a8   Data           1  net_config.o(.constdata)
    Font_24x16                               0x0001f8aa   Data        5376  glcd_lpc1700.o(.constdata)
    MAC_Broadcast                            0x00020db2   Data           6  at_ethernet.o(.constdata)
    IP_Broadcast                             0x00020db8   Data           4  at_ip.o(.constdata)
    Region$$Table$$Base                      0x00020dbc   Number         0  anon$$obj.o(Region$$Table)
    Region$$Table$$Limit                     0x00020ddc   Number         0  anon$$obj.o(Region$$Table)
    p2val                                    0x10000000   Data           1  client.o(.data)
    socket_tcp                               0x10000001   Data           1  client.o(.data)
    socket_udp                               0x10000002   Data           1  client.o(.data)
    Rem_IP                                   0x10000003   Data           4  client.o(.data)
    tick                                     0x10000008   Data           4  client.o(.data)
    flag                                     0x1000000c   Data           4  client.o(.data)
    lhost_name                               0x10000010   Data          16  net_config.o(.data)
    own_hw_adr                               0x10000020   Data           6  net_config.o(.data)
    iap_entry                                0x1000002c   Data           4  emac_lpc17xx.o(.data)
    SystemFrequency                          0x10000030   Data           4  system_lpc17xx.o(.data)
    sys_tick                                 0x10000050   Data           1  at_system.o(.data)
    sec_tick                                 0x10000051   Data           1  at_system.o(.data)
    timer_cnt                                0x10000054   Data           2  at_system.o(.data)
    Mem_Pool                                 0x10000060   Data        8192  net_config.o(.bss)
    arp_table                                0x10002060   Data         140  net_config.o(.bss)
    udp_socket                               0x100020ec   Data          24  net_config.o(.bss)
    tcp_socket                               0x10002104   Data         132  net_config.o(.bss)
    localm                                   0x10004c6c   Data          60  at_system.o(.bss)
    __initial_sp                             0x100050a8   Data           0  startup_lpc17xx.o(STACK)



==============================================================================

Memory Map of the image

  Image Entry point : 0x000000cd

  Load Region LR_IROM1 (Base: 0x00000000, Size: 0x00020e3c, Max: 0x00080000, ABSOLUTE)

    Execution Region ER_IROM1 (Base: 0x00000000, Size: 0x00020ddc, Max: 0x00080000, ABSOLUTE)

    Base Addr    Size         Type   Attr      Idx    E Section Name        Object

    0x00000000   0x000000cc   Data   RO          135    RESET               startup_lpc17xx.o
    0x000000cc   0x00000000   Code   RO          422  * .ARM.Collect$$$$00000000  entry.o(mc_w.l)
    0x000000cc   0x00000004   Code   RO          685    .ARM.Collect$$$$00000001  entry2.o(mc_w.l)
    0x000000d0   0x00000004   Code   RO          688    .ARM.Collect$$$$00000004  entry5.o(mc_w.l)
    0x000000d4   0x00000008   Code   RO          689    .ARM.Collect$$$$00000007  entry7.o(mc_w.l)
    0x000000dc   0x00000004   Code   RO          686    .ARM.Collect$$$$00002712  entry2.o(mc_w.l)
    0x000000e0   0x00000004   Code   RO          188    .emb_text           glcd_lpc1700.o
    0x000000e4   0x000001ac   Code   RO           52    .text               load_pic.o
    0x00000290   0x0000003e   Code   RO           70    .text               net_config.o
    0x000002ce   0x00000002   PAD
    0x000002d0   0x0000001c   Code   RO          137    .text               startup_lpc17xx.o
    0x000002ec   0x0000000a   Code   RO          376    i.CalcChksumVal     at_lib.o(TCP_CM3.lib)
    0x000002f6   0x00000002   Code   RO          719    i.__scatterload_null  handlers.o(mc_w.l)
    0x000002f8   0x00000002   Code   RO          303    i.poll_ethernet     at_ethernet.o(TCP_CM3.lib)
    0x000002fa   0x00000002   Code   RO          304    i.process_hl_igmp   at_ethernet.o(TCP_CM3.lib)
    0x000002fc   0x00000004   Code   RO          136    .ARM.__at_0x02FC    startup_lpc17xx.o
    0x00000300   0x000002e0   Code   RO            1    .text               client.o
    0x000005e0   0x00000440   Code   RO          144    .text               emac_lpc17xx.o
    0x00000a20   0x00000140   Code   RO          167    .text               system_lpc17xx.o
    0x00000b60   0x00000e00   Code   RO          189    .text               glcd_lpc1700.o
    0x00001960   0x00000024   Code   RO          706    .text               init.o(mc_w.l)
    0x00001984   0x00000016   Code   RO          374    i.CalcChksum        at_lib.o(TCP_CM3.lib)
    0x0000199a   0x00000002   PAD
    0x0000199c   0x00000028   Code   RO          375    i.CalcChksumBuf     at_lib.o(TCP_CM3.lib)
    0x000019c4   0x0000000a   Code   RO          377    i.SwapB             at_lib.o(TCP_CM3.lib)
    0x000019ce   0x0000000e   Code   RO          718    i.__scatterload_copy  handlers.o(mc_w.l)
    0x000019dc   0x0000000e   Code   RO          720    i.__scatterload_zeroinit  handlers.o(mc_w.l)
    0x000019ea   0x00000002   PAD
    0x000019ec   0x0000009c   Code   RO          318    i.alloc_mem         at_mem.o(TCP_CM3.lib)
    0x00001a88   0x000000c4   Code   RO          337    i.arp_cache_add     at_arp.o(TCP_CM3.lib)
    0x00001b4c   0x00000068   Code   RO          338    i.arp_cache_alloc   at_arp.o(TCP_CM3.lib)
    0x00001bb4   0x00000114   Code   RO          339    i.arp_cache_find    at_arp.o(TCP_CM3.lib)
    0x00001cc8   0x000000f8   Code   RO          341    i.arp_cache_update  at_arp.o(TCP_CM3.lib)
    0x00001dc0   0x00000068   Code   RO          343    i.arp_get_response  at_arp.o(TCP_CM3.lib)
    0x00001e28   0x0000009c   Code   RO          344    i.arp_send_reply    at_arp.o(TCP_CM3.lib)
    0x00001ec4   0x00000098   Code   RO          345    i.arp_send_req      at_arp.o(TCP_CM3.lib)
    0x00001f5c   0x00000010   Code   RO          299    i.eth_chk_adr       at_ethernet.o(TCP_CM3.lib)
    0x00001f6c   0x00000094   Code   RO          301    i.eth_send_frame    at_ethernet.o(TCP_CM3.lib)
    0x00002000   0x00000068   Code   RO          319    i.free_mem          at_mem.o(TCP_CM3.lib)
    0x00002068   0x00000016   Code   RO          384    i.get_u32           at_lib.o(TCP_CM3.lib)
    0x0000207e   0x00000002   PAD
    0x00002080   0x00000038   Code   RO          328    i.init_TcpNet       at_system.o(TCP_CM3.lib)
    0x000020b8   0x00000028   Code   RO          346    i.init_arp          at_arp.o(TCP_CM3.lib)
    0x000020e0   0x00000024   Code   RO          302    i.init_eth_link     at_ethernet.o(TCP_CM3.lib)
    0x00002104   0x00000024   Code   RO          320    i.init_mem          at_mem.o(TCP_CM3.lib)
    0x00002128   0x0000002c   Code   RO          293    i.init_nbns         at_nbns.o(TCP_CM3.lib)
    0x00002154   0x00000018   Code   RO          221    i.init_tcp          at_tcp.o(TCP_CM3.lib)
    0x0000216c   0x0000001c   Code   RO          274    i.init_udp          at_udp.o(TCP_CM3.lib)
    0x00002188   0x000000c0   Code   RO          362    i.ip_chk_frame      at_ip.o(TCP_CM3.lib)
    0x00002248   0x0000000a   Code   RO          363    i.ip_get_chksum     at_ip.o(TCP_CM3.lib)
    0x00002252   0x00000002   PAD
    0x00002254   0x00000098   Code   RO          364    i.ip_get_locadr     at_ip.o(TCP_CM3.lib)
    0x000022ec   0x0000008c   Code   RO          365    i.ip_send_frame     at_ip.o(TCP_CM3.lib)
    0x00002378   0x00000022   Code   RO          385    i.is_subnet         at_lib.o(TCP_CM3.lib)
    0x0000239a   0x00000002   PAD
    0x0000239c   0x0000002c   Code   RO          347    i.is_subnet_bcast   at_arp.o(TCP_CM3.lib)
    0x000023c8   0x0000003c   Code   RO          329    i.main_TcpNet       at_system.o(TCP_CM3.lib)
    0x00002404   0x0000001e   Code   RO          386    i.mem_comp          at_lib.o(TCP_CM3.lib)
    0x00002422   0x00000002   PAD
    0x00002424   0x0000001e   Code   RO          387    i.mem_copy          at_lib.o(TCP_CM3.lib)
    0x00002442   0x00000002   PAD
    0x00002444   0x00000010   Code   RO          389    i.mem_set           at_lib.o(TCP_CM3.lib)
    0x00002454   0x00000016   Code   RO          390    i.mem_test          at_lib.o(TCP_CM3.lib)
    0x0000246a   0x00000002   PAD
    0x0000246c   0x00000130   Code   RO          294    i.nbns_listener     at_nbns.o(TCP_CM3.lib)
    0x0000259c   0x00000098   Code   RO          348    i.process_arp       at_arp.o(TCP_CM3.lib)
    0x00002634   0x00000074   Code   RO          372    i.process_icmp      at_icmp.o(TCP_CM3.lib)
    0x000026a8   0x00000424   Code   RO          222    i.process_tcp       at_tcp.o(TCP_CM3.lib)
    0x00002acc   0x000000cc   Code   RO          275    i.process_udp       at_udp.o(TCP_CM3.lib)
    0x00002b98   0x0000002c   Code   RO          305    i.put_in_queue      at_ethernet.o(TCP_CM3.lib)
    0x00002bc4   0x00000034   Code   RO          321    i.resize_mem        at_mem.o(TCP_CM3.lib)
    0x00002bf8   0x000000ac   Code   RO          306    i.run_eth_link      at_ethernet.o(TCP_CM3.lib)
    0x00002ca4   0x00000010   Code   RO          391    i.set_u32           at_lib.o(TCP_CM3.lib)
    0x00002cb4   0x0000001a   Code   RO          397    i.str_up_case       at_lib.o(TCP_CM3.lib)
    0x00002cce   0x00000002   PAD
    0x00002cd0   0x00000038   Code   RO          224    i.tcp_check_send    at_tcp.o(TCP_CM3.lib)
    0x00002d08   0x000000a0   Code   RO          226    i.tcp_connect       at_tcp.o(TCP_CM3.lib)
    0x00002da8   0x00000010   Code   RO          228    i.tcp_get_buf       at_tcp.o(TCP_CM3.lib)
    0x00002db8   0x00000058   Code   RO          229    i.tcp_get_free_port  at_tcp.o(TCP_CM3.lib)
    0x00002e10   0x0000002c   Code   RO          231    i.tcp_get_state     at_tcp.o(TCP_CM3.lib)
    0x00002e3c   0x00000014   Code   RO          232    i.tcp_init_seq      at_tcp.o(TCP_CM3.lib)
    0x00002e50   0x0000009c   Code   RO          234    i.tcp_map_socket    at_tcp.o(TCP_CM3.lib)
    0x00002eec   0x000001f0   Code   RO          236    i.tcp_poll_sockets  at_tcp.o(TCP_CM3.lib)
    0x000030dc   0x0000006c   Code   RO          237    i.tcp_process_opt   at_tcp.o(TCP_CM3.lib)
    0x00003148   0x00000100   Code   RO          240    i.tcp_send          at_tcp.o(TCP_CM3.lib)
    0x00003248   0x00000022   Code   RO          241    i.tcp_send_ctrl     at_tcp.o(TCP_CM3.lib)
    0x0000326a   0x00000002   PAD
    0x0000326c   0x000000f4   Code   RO          242    i.tcp_send_frame    at_tcp.o(TCP_CM3.lib)
    0x00003360   0x00000080   Code   RO          243    i.tcp_send_reset    at_tcp.o(TCP_CM3.lib)
    0x000033e0   0x00000012   Code   RO          245    i.tcp_set_retransmit  at_tcp.o(TCP_CM3.lib)
    0x000033f2   0x00000002   PAD
    0x000033f4   0x00000078   Code   RO          246    i.tcp_transit       at_tcp.o(TCP_CM3.lib)
    0x0000346c   0x0000000c   Code   RO          330    i.timer_tick        at_system.o(TCP_CM3.lib)
    0x00003478   0x00000010   Code   RO          277    i.udp_get_buf       at_udp.o(TCP_CM3.lib)
    0x00003488   0x00000048   Code   RO          278    i.udp_get_socket    at_udp.o(TCP_CM3.lib)
    0x000034d0   0x0000007c   Code   RO          280    i.udp_open          at_udp.o(TCP_CM3.lib)
    0x0000354c   0x00000104   Code   RO          282    i.udp_send          at_udp.o(TCP_CM3.lib)
    0x00003650   0x0001c200   Data   RO           53    .constdata          load_pic.o
    0x0001f850   0x0000003c   Data   RO           75    .constdata          net_config.o
    0x0001f88c   0x00000001   Data   RO           76    .constdata          net_config.o
    0x0001f88d   0x00000003   PAD
    0x0001f890   0x00000004   Data   RO           77    .constdata          net_config.o
    0x0001f894   0x00000002   Data   RO           78    .constdata          net_config.o
    0x0001f896   0x00000002   Data   RO           79    .constdata          net_config.o
    0x0001f898   0x00000002   Data   RO           80    .constdata          net_config.o
    0x0001f89a   0x00000001   Data   RO           81    .constdata          net_config.o
    0x0001f89b   0x00000001   Data   RO           82    .constdata          net_config.o
    0x0001f89c   0x00000001   Data   RO           83    .constdata          net_config.o
    0x0001f89d   0x00000001   Data   RO           84    .constdata          net_config.o
    0x0001f89e   0x00000001   Data   RO           85    .constdata          net_config.o
    0x0001f89f   0x00000001   PAD
    0x0001f8a0   0x00000002   Data   RO           86    .constdata          net_config.o
    0x0001f8a2   0x00000002   Data   RO           87    .constdata          net_config.o
    0x0001f8a4   0x00000002   Data   RO           88    .constdata          net_config.o
    0x0001f8a6   0x00000002   Data   RO           89    .constdata          net_config.o
    0x0001f8a8   0x00000001   Data   RO           91    .constdata          net_config.o
    0x0001f8a9   0x00000001   PAD
    0x0001f8aa   0x00001500   Data   RO          190    .constdata          glcd_lpc1700.o
    0x00020daa   0x00000008   Data   RO          295    .constdata          at_nbns.o(TCP_CM3.lib)
    0x00020db2   0x00000006   Data   RO          308    .constdata          at_ethernet.o(TCP_CM3.lib)
    0x00020db8   0x00000004   Data   RO          366    .constdata          at_ip.o(TCP_CM3.lib)
    0x00020dbc   0x00000020   Data   RO          716    Region$$Table       anon$$obj.o


    Execution Region RW_IRAM1 (Base: 0x10000000, Size: 0x000050a8, Max: 0x00008000, ABSOLUTE)

    Base Addr    Size         Type   Attr      Idx    E Section Name        Object

    0x10000000   0x00000010   Data   RW            3    .data               client.o
    0x10000010   0x00000010   Data   RW           92    .data               net_config.o
    0x10000020   0x00000006   Data   RW           93    .data               net_config.o
    0x10000026   0x00000002   PAD
    0x10000028   0x00000008   Data   RW          146    .data               emac_lpc17xx.o
    0x10000030   0x00000004   Data   RW          168    .data               system_lpc17xx.o
    0x10000034   0x00000006   Data   RW          191    .data               glcd_lpc1700.o
    0x1000003a   0x00000004   Data   RW          247    .data               at_tcp.o(TCP_CM3.lib)
    0x1000003e   0x00000002   Data   RW          283    .data               at_udp.o(TCP_CM3.lib)
    0x10000040   0x00000001   Data   RW          296    .data               at_nbns.o(TCP_CM3.lib)
    0x10000041   0x00000003   PAD
    0x10000044   0x00000008   Data   RW          309    .data               at_ethernet.o(TCP_CM3.lib)
    0x1000004c   0x00000004   Data   RW          322    .data               at_mem.o(TCP_CM3.lib)
    0x10000050   0x00000008   Data   RW          332    .data               at_system.o(TCP_CM3.lib)
    0x10000058   0x00000002   Data   RW          349    .data               at_arp.o(TCP_CM3.lib)
    0x1000005a   0x00000004   Data   RW          367    .data               at_ip.o(TCP_CM3.lib)
    0x1000005e   0x00000002   PAD
    0x10000060   0x00002000   Zero   RW           71    .bss                net_config.o
    0x10002060   0x0000008c   Zero   RW           72    .bss                net_config.o
    0x100020ec   0x00000018   Zero   RW           73    .bss                net_config.o
    0x10002104   0x00000084   Zero   RW           74    .bss                net_config.o
    0x10002188   0x00002a64   Zero   RW          145    .bss                emac_lpc17xx.o
    0x10004bec   0x00000080   Zero   RW          307    .bss                at_ethernet.o(TCP_CM3.lib)
    0x10004c6c   0x0000003c   Zero   RW          331    .bss                at_system.o(TCP_CM3.lib)
    0x10004ca8   0x00000400   Zero   RW          133    STACK               startup_lpc17xx.o


==============================================================================

Image component sizes


      Code (inc. data)   RO Data    RW Data    ZI Data      Debug   Object Name

       736        122          0         16          0      35921   client.o
      1088         58          0          8      10852      14711   emac_lpc17xx.o
      3588         56       5376          6          0       9588   glcd_lpc1700.o
       428         12     115200          0          0       2084   load_pic.o
        62          0         85         22       8488       6209   net_config.o
        32          8        204          0       1024        644   startup_lpc17xx.o
       320         32          0          4          0        747   system_lpc17xx.o

    ----------------------------------------------------------------------
      6256        288     120902         58      20364      69904   Object Totals
         0          0         32          0          0          0   (incl. Generated)
         2          0          5          2          0          2   (incl. Padding)

    ----------------------------------------------------------------------

      Code (inc. data)   RO Data    RW Data    ZI Data      Debug   Library Member Name

      1472        158          0          2          0        872   at_arp.o
       420         44          6          8        128        540   at_ethernet.o
       116          0          0          0          0         84   at_icmp.o
       494         24          4          4          0        328   at_ip.o
       278          0          0          0          0        844   at_lib.o
       348         38          0          4          0        340   at_mem.o
       348         28          8          1          0        184   at_nbns.o
       128         30          0          8         60        216   at_system.o
      3028        190          0          4          0       1428   at_tcp.o
       704         50          0          2          0        472   at_udp.o
         0          0          0          0          0          0   entry.o
         8          4          0          0          0          0   entry2.o
         4          0          0          0          0          0   entry5.o
         8          4          0          0          0          0   entry7.o
        30          0          0          0          0          0   handlers.o
        36          8          0          0          0         68   init.o

    ----------------------------------------------------------------------
      7444        578         18         38        188       5376   Library Totals
        22          0          0          5          0          0   (incl. Padding)

    ----------------------------------------------------------------------

      Code (inc. data)   RO Data    RW Data    ZI Data      Debug   Library Name

      7336        562         18         33        188       5308   TCP_CM3.lib
        86         16          0          0          0         68   mc_w.l

    ----------------------------------------------------------------------
      7444        578         18         38        188       5376   Library Totals

    ----------------------------------------------------------------------

==============================================================================


      Code (inc. data)   RO Data    RW Data    ZI Data      Debug   

     13700        866     120920         96      20552      71532   Grand Totals
     13700        866     120920         96      20552      71532   ELF Image Totals
     13700        866     120920         96          0          0   ROM Totals

==============================================================================

    Total RO  Size (Code + RO Data)               134620 ( 131.46kB)
    Total RW  Size (RW Data + ZI Data)             20648 (  20.16kB)
    Total ROM Size (Code + RO Data + RW Data)     134716 ( 131.56kB)

==============================================================================

